Archive member included to satisfy reference by file (symbol)

.\CortexM3\ARM_GCC_541\Debug\Tec-Dig-2.a(LCD_I2C_FUNCS.o)
                              .\CortexM3\ARM_GCC_541\Debug\main.o (LCD_I2C_write)
.\CortexM3\ARM_GCC_541\Debug\Tec-Dig-2.a(UART.o)
                              .\CortexM3\ARM_GCC_541\Debug\main.o (UART_Start)
.\CortexM3\ARM_GCC_541\Debug\Tec-Dig-2.a(PWM.o)
                              .\CortexM3\ARM_GCC_541\Debug\main.o (PWM_WriteCompare)
.\CortexM3\ARM_GCC_541\Debug\Tec-Dig-2.a(Bomba.o)
                              .\CortexM3\ARM_GCC_541\Debug\main.o (Bomba_Write)
.\CortexM3\ARM_GCC_541\Debug\Tec-Dig-2.a(Cooler.o)
                              .\CortexM3\ARM_GCC_541\Debug\main.o (Cooler_Write)
.\CortexM3\ARM_GCC_541\Debug\Tec-Dig-2.a(Buzzer.o)
                              .\CortexM3\ARM_GCC_541\Debug\main.o (Buzzer_Write)
.\CortexM3\ARM_GCC_541\Debug\Tec-Dig-2.a(RXint.o)
                              .\CortexM3\ARM_GCC_541\Debug\main.o (RXint_StartEx)
.\CortexM3\ARM_GCC_541\Debug\Tec-Dig-2.a(I2C.o)
                              .\CortexM3\ARM_GCC_541\Debug\main.o (I2C_Start)
.\CortexM3\ARM_GCC_541\Debug\Tec-Dig-2.a(I2C_INT.o)
                              .\CortexM3\ARM_GCC_541\Debug\Tec-Dig-2.a(I2C.o) (I2C_ISR)
.\CortexM3\ARM_GCC_541\Debug\Tec-Dig-2.a(I2C_PM.o)
                              .\CortexM3\ARM_GCC_541\Debug\Tec-Dig-2.a(I2C.o) (I2C_backup)
.\CortexM3\ARM_GCC_541\Debug\Tec-Dig-2.a(I2C_MASTER.o)
                              .\CortexM3\ARM_GCC_541\Debug\Tec-Dig-2.a(I2C.o) (I2C_mstrStatus)
.\CortexM3\ARM_GCC_541\Debug\Tec-Dig-2.a(Clock.o)
                              .\CortexM3\ARM_GCC_541\Debug\main.o (Clock_Start)
.\CortexM3\ARM_GCC_541\Debug\Tec-Dig-2.a(UART_IntClock.o)
                              .\CortexM3\ARM_GCC_541\Debug\Tec-Dig-2.a(UART.o) (UART_IntClock_Start)
.\CortexM3\ARM_GCC_541\Debug\Tec-Dig-2.a(CyLib.o)
                              .\CortexM3\ARM_GCC_541\Debug\Cm3Start.o (CyHalt)
.\CortexM3\ARM_GCC_541\Debug\Tec-Dig-2.a(cyPm.o)
                              .\CortexM3\ARM_GCC_541\Debug\Tec-Dig-2.a(CyLib.o) (CyPmReadStatus)
.\CortexM3\ARM_GCC_541\Debug\Tec-Dig-2.a(Opamp.o)
                              .\CortexM3\ARM_GCC_541\Debug\main.o (Opamp_Start)
.\CortexM3\ARM_GCC_541\Debug\Tec-Dig-2.a(ADC.o)
                              .\CortexM3\ARM_GCC_541\Debug\main.o (ADC_Start)
.\CortexM3\ARM_GCC_541\Debug\Tec-Dig-2.a(ADC_INT.o)
                              .\CortexM3\ARM_GCC_541\Debug\Tec-Dig-2.a(ADC.o) (ADC_ISR1)
.\CortexM3\ARM_GCC_541\Debug\Tec-Dig-2.a(ADC_AMux.o)
                              .\CortexM3\ARM_GCC_541\Debug\Tec-Dig-2.a(ADC.o) (ADC_AMux_Select)
.\CortexM3\ARM_GCC_541\Debug\Tec-Dig-2.a(ADC_Ext_CP_Clk.o)
                              .\CortexM3\ARM_GCC_541\Debug\Tec-Dig-2.a(ADC.o) (ADC_Ext_CP_Clk_SetModeRegister)
.\CortexM3\ARM_GCC_541\Debug\Tec-Dig-2.a(ADC_theACLK.o)
                              .\CortexM3\ARM_GCC_541\Debug\Tec-Dig-2.a(ADC.o) (ADC_theACLK_SetModeRegister)
.\CortexM3\ARM_GCC_541\Debug\Tec-Dig-2.a(NivelMax.o)
                              .\CortexM3\ARM_GCC_541\Debug\main.o (NivelMax_Read)
.\CortexM3\ARM_GCC_541\Debug\Tec-Dig-2.a(NivelMin.o)
                              .\CortexM3\ARM_GCC_541\Debug\main.o (NivelMin_Read)
.\CortexM3\ARM_GCC_541\Debug\Tec-Dig-2.a(CyBootAsmGnu.o)
                              .\CortexM3\ARM_GCC_541\Debug\cyfitter_cfg.o (CyDelayCycles)
.\CortexM3\ARM_GCC_541\Debug\Tec-Dig-2.a(LCD_I2C_LL_I2C.o)
                              .\CortexM3\ARM_GCC_541\Debug\Tec-Dig-2.a(LCD_I2C_FUNCS.o) (LCD_I2C_writeByte)
.\CortexM3\ARM_GCC_541\Debug\Tec-Dig-2.a(CyFlash.o)
                              .\CortexM3\ARM_GCC_541\Debug\Tec-Dig-2.a(cyPm.o) (CyFlash_SetWaitCycles)
.\CortexM3\ARM_GCC_541\Debug\Tec-Dig-2.a(CySpc.o)
                              .\CortexM3\ARM_GCC_541\Debug\Tec-Dig-2.a(CyFlash.o) (CySpcStart)
c:/program files (x86)/cypress/psoc creator/4.4/psoc creator/import/gnu/arm/5.4.1/bin/../lib/gcc/arm-none-eabi/5.4.1/armv7-m\libgcc.a(_arm_addsubdf3.o)
                              .\CortexM3\ARM_GCC_541\Debug\Tec-Dig-2.a(ADC.o) (__aeabi_f2d)
c:/program files (x86)/cypress/psoc creator/4.4/psoc creator/import/gnu/arm/5.4.1/bin/../lib/gcc/arm-none-eabi/5.4.1/armv7-m\libgcc.a(_arm_cmpdf2.o)
                              .\CortexM3\ARM_GCC_541\Debug\Tec-Dig-2.a(ADC.o) (__aeabi_dcmpgt)
c:/program files (x86)/cypress/psoc creator/4.4/psoc creator/import/gnu/arm/5.4.1/bin/../lib/gcc/arm-none-eabi/5.4.1/armv7-m\libgcc.a(_arm_addsubsf3.o)
                              .\CortexM3\ARM_GCC_541\Debug\Tec-Dig-2.a(ADC.o) (__aeabi_ui2f)
c:/program files (x86)/cypress/psoc creator/4.4/psoc creator/import/gnu/arm/5.4.1/bin/../lib/gcc/arm-none-eabi/5.4.1/armv7-m\libgcc.a(_arm_muldivsf3.o)
                              .\CortexM3\ARM_GCC_541\Debug\Tec-Dig-2.a(ADC.o) (__aeabi_fmul)
[...]
Memory Configuration

Name             Origin             Length             Attributes
rom              0x00000000         0x00040000         xr
ram              0x1fff8000         0x00010000         xrw
*default*        0x00000000         0xffffffff

Linker script and memory map

LOAD c:/program files (x86)/cypress/psoc creator/4.4/psoc creator/import/gnu/arm/5.4.1/bin/../lib/gcc/arm-none-eabi/5.4.1/armv7-m/crti.o
LOAD c:/program files (x86)/cypress/psoc creator/4.4/psoc creator/import/gnu/arm/5.4.1/bin/../lib/gcc/arm-none-eabi/5.4.1/armv7-m/crtbegin.o
LOAD c:/program files (x86)/cypress/psoc creator/4.4/psoc creator/import/gnu/arm/5.4.1/bin/../lib/gcc/arm-none-eabi/5.4.1/../../../../arm-none-eabi/lib/armv7-m/crt0.o
START GROUP
LOAD .\CortexM3\ARM_GCC_541\Debug\main.o
LOAD .\CortexM3\ARM_GCC_541\Debug\cyfitter_cfg.o
LOAD .\CortexM3\ARM_GCC_541\Debug\cymetadata.o
LOAD .\CortexM3\ARM_GCC_541\Debug\Cm3Start.o
LOAD .\CortexM3\ARM_GCC_541\Debug\Tec-Dig-2.a
LOAD C:\Program Files (x86)\Cypress\PSoC Creator\4.4\PSoC Creator\psoc\content\cycomponentlibrary\CyComponentLibrary.cylib\CortexM3\ARM_GCC_541\Debug\CyComponentLibrary.a
END GROUP
START GROUP
LOAD c:/program files (x86)/cypress/psoc creator/4.4/psoc creator/import/gnu/arm/5.4.1/bin/../lib/gcc/arm-none-eabi/5.4.1/armv7-m\libgcc.a
LOAD c:/program files (x86)/cypress/psoc creator/4.4/psoc creator/import/gnu/arm/5.4.1/bin/../lib/gcc/arm-none-eabi/5.4.1/../../../../arm-none-eabi/lib/armv7-m\libg_nano.a
LOAD c:/program files (x86)/cypress/psoc creator/4.4/psoc creator/import/gnu/arm/5.4.1/bin/../lib/gcc/arm-none-eabi/5.4.1/../../../../arm-none-eabi/lib/armv7-m\libc_nano.a
END GROUP
START GROUP
LOAD c:/program files (x86)/cypress/psoc creator/4.4/psoc creator/import/gnu/arm/5.4.1/bin/../lib/gcc/arm-none-eabi/5.4.1/armv7-m\libgcc.a
LOAD c:/program files (x86)/cypress/psoc creator/4.4/psoc creator/import/gnu/arm/5.4.1/bin/../lib/gcc/arm-none-eabi/5.4.1/../../../../arm-none-eabi/lib/armv7-m\libc_nano.a
END GROUP
LOAD c:/program files (x86)/cypress/psoc creator/4.4/psoc creator/import/gnu/arm/5.4.1/bin/../lib/gcc/arm-none-eabi/5.4.1/armv7-m/crtend.o
LOAD c:/program files (x86)/cypress/psoc creator/4.4/psoc creator/import/gnu/arm/5.4.1/bin/../lib/gcc/arm-none-eabi/5.4.1/armv7-m/crtn.o
START GROUP
LOAD c:/program files (x86)/cypress/psoc creator/4.4/psoc creator/import/gnu/arm/5.4.1/bin/../lib/gcc/arm-none-eabi/5.4.1/armv7-m\libgcc.a
LOAD c:/program files (x86)/cypress/psoc creator/4.4/psoc creator/import/gnu/arm/5.4.1/bin/../lib/gcc/arm-none-eabi/5.4.1/../../../../arm-none-eabi/lib/armv7-m\libc.a
LOAD c:/program files (x86)/cypress/psoc creator/4.4/psoc creator/import/gnu/arm/5.4.1/bin/../lib/gcc/arm-none-eabi/5.4.1/../../../../arm-none-eabi/lib/armv7-m\libnosys.a
END GROUP
                0x00000000                CY_APPL_ORIGIN = 0x0
                0x00000100                CY_FLASH_ROW_SIZE = 0x100
                0x00000020                CY_ECC_ROW_SIZE = 0x20
                0x00000000                CY_EE_IN_BTLDR = 0x0
                0x00000000                CY_APPL_LOADABLE = 0x0
                0x00000800                CY_EE_SIZE = 0x800
                0x00000001                CY_APPL_NUM = 0x1
                0x00000001                CY_APPL_MAX = 0x1
                0x00000040                CY_METADATA_SIZE = 0x40
                0x00000000                CY_APPL_LOADABLE = 0x0
                0x00000000                CY_CHECKSUM_EXCLUDE_SIZE = ALIGN (0x0, CY_FLASH_ROW_SIZE)
                [!provide]                PROVIDE (__cy_heap_start, _end)
                0x00000001                PROVIDE (__cy_region_num, ((__cy_regions_end - __cy_regions) / 0x10))
                0x20008000                PROVIDE (__cy_stack, (ORIGIN (ram) + LENGTH (ram)))
                [!provide]                PROVIDE (__cy_heap_end, (__cy_stack - 0x800))

.cybootloader   0x00000000        0x0
 *(.cybootloader)
                0x00000000                appl1_start = CY_APPL_ORIGIN?CY_APPL_ORIGIN:ALIGN (CY_FLASH_ROW_SIZE)
                0x0001ff00                appl2_start = (appl1_start + ALIGN ((((LENGTH (rom) - appl1_start) - (0x2 * CY_FLASH_ROW_SIZE)) / 0x2), CY_FLASH_ROW_SIZE))
                0x00000000                appl_start = (CY_APPL_NUM == 0x1)?appl1_start:appl2_start
                0x00000000                ecc_offset = ((appl_start / CY_FLASH_ROW_SIZE) * CY_ECC_ROW_SIZE)
                0x00000000                ee_offset = (CY_APPL_LOADABLE && ! (CY_EE_IN_BTLDR))?((CY_EE_SIZE / CY_APPL_MAX) * (CY_APPL_NUM - 0x1)):0x0
                0x00000800                ee_size = (CY_APPL_LOADABLE && ! (CY_EE_IN_BTLDR))?(CY_EE_SIZE / CY_APPL_MAX):CY_EE_SIZE
                [!provide]                PROVIDE (CY_ECC_OFFSET, ecc_offset)

.text           0x00000000     0x2418
 CREATE_OBJECT_SYMBOLS
                0x00000000                PROVIDE (__cy_interrupt_vector, RomVectors)
 *(.romvectors)
 .romvectors    0x00000000       0x10 .\CortexM3\ARM_GCC_541\Debug\Cm3Start.o
                0x00000000                RomVectors
                0x00000001                ASSERT ((. != __cy_interrupt_vector), No interrupt vector)
                0x00000001                ASSERT (CY_APPL_ORIGIN?(SIZEOF (.cybootloader) <= CY_APPL_ORIGIN):0x1, Wrong image location)
                0x00000010                PROVIDE (__cy_reset, Reset)
 *(.text.Reset)
 .text.Reset    0x00000010       0x18 .\CortexM3\ARM_GCC_541\Debug\Cm3Start.o
                0x00000010                Reset
                0x00000001                ASSERT ((. != __cy_reset), No reset code)
 *(.dma_init)
                0x00000001                ASSERT ((((appl_start + .) <= 0x10000) || 0x1), DMA Init must be within the first 64k of flash)
 *(.text .text.* .gnu.linkonce.t.*)
 .text          0x00000028       0x5c c:/program files (x86)/cypress/psoc creator/4.4/psoc creator/import/gnu/arm/5.4.1/bin/../lib/gcc/arm-none-eabi/5.4.1/armv7-m/crtbegin.o
 .text.inicio   0x00000084       0xe4 .\CortexM3\ARM_GCC_541\Debug\main.o
                0x00000084                inicio
 .text.datos    0x00000168      0x1ec .\CortexM3\ARM_GCC_541\Debug\main.o
                0x00000168                datos
 .text.interruptRx
                0x00000354       0x14 .\CortexM3\ARM_GCC_541\Debug\main.o
                0x00000354                interruptRx
 .text.print    0x00000368       0x58 .\CortexM3\ARM_GCC_541\Debug\main.o
                0x00000368                print
 .text.vent     0x000003c0       0xf0 .\CortexM3\ARM_GCC_541\Debug\main.o
                0x000003c0                vent
 .text.bomb     0x000004b0       0xfc .\CortexM3\ARM_GCC_541\Debug\main.o
                0x000004b0                bomb
 .text.main     0x000005ac       0x8c .\CortexM3\ARM_GCC_541\Debug\main.o
                0x000005ac                main
 .text.CyClockStartupError
                0x00000638        0x4 .\CortexM3\ARM_GCC_541\Debug\cyfitter_cfg.o
 .text.cfg_write_bytes32
                0x0000063c       0x34 .\CortexM3\ARM_GCC_541\Debug\cyfitter_cfg.o
 .text.AnalogSetDefault
                0x00000670       0x5c .\CortexM3\ARM_GCC_541\Debug\cyfitter_cfg.o
 .text.CYMEMZERO
                0x000006cc        0xc .\CortexM3\ARM_GCC_541\Debug\cyfitter_cfg.o
 .text.CYCONFIGCPY
                0x000006d8        0x8 .\CortexM3\ARM_GCC_541\Debug\cyfitter_cfg.o
 .text.ClockSetup
                0x000006e0      0x100 .\CortexM3\ARM_GCC_541\Debug\cyfitter_cfg.o
 .text.ADC_AMux_Set
                0x000007e0       0x1c .\CortexM3\ARM_GCC_541\Debug\cyfitter_cfg.o
                0x000007e0                ADC_AMux_Set
 .text.ADC_AMux_Unset
                0x000007fc       0x1c .\CortexM3\ARM_GCC_541\Debug\cyfitter_cfg.o
                0x000007fc                ADC_AMux_Unset
 .text.cyfitter_cfg
                0x00000818      0x12c .\CortexM3\ARM_GCC_541\Debug\cyfitter_cfg.o
                0x00000818                cyfitter_cfg
 .text.IntDefaultHandler
                0x00000944       0x10 .\CortexM3\ARM_GCC_541\Debug\Cm3Start.o
                0x00000944                IntDefaultHandler
 .text._sbrk    0x00000954       0x30 .\CortexM3\ARM_GCC_541\Debug\Cm3Start.o
                0x00000954                _sbrk
 .text.Start_c  0x00000984       0x4c .\CortexM3\ARM_GCC_541\Debug\Cm3Start.o
                0x00000984                Start_c
 .text.initialize_psoc
                0x000009d0       0x68 .\CortexM3\ARM_GCC_541\Debug\Cm3Start.o
                0x000009d0                initialize_psoc
 .text.LCD_I2C_expanderWrite
                0x00000a38       0x14 .\CortexM3\ARM_GCC_541\Debug\Tec-Dig-2.a(LCD_I2C_FUNCS.o)
                0x00000a38                LCD_I2C_expanderWrite
 .text.LCD_I2C_pulseEnable
                0x00000a4c       0x24 .\CortexM3\ARM_GCC_541\Debug\Tec-Dig-2.a(LCD_I2C_FUNCS.o)
                0x00000a4c                LCD_I2C_pulseEnable
 .text.LCD_I2C_write4bits
                0x00000a70       0x10 .\CortexM3\ARM_GCC_541\Debug\Tec-Dig-2.a(LCD_I2C_FUNCS.o)
                0x00000a70                LCD_I2C_write4bits
 .text.LCD_I2C_send
                0x00000a80       0x20 .\CortexM3\ARM_GCC_541\Debug\Tec-Dig-2.a(LCD_I2C_FUNCS.o)
                0x00000a80                LCD_I2C_send
 .text.LCD_I2C_write
                0x00000aa0        0xc .\CortexM3\ARM_GCC_541\Debug\Tec-Dig-2.a(LCD_I2C_FUNCS.o)
                0x00000aa0                LCD_I2C_write
 .text.LCD_I2C_print
                0x00000aac       0x18 .\CortexM3\ARM_GCC_541\Debug\Tec-Dig-2.a(LCD_I2C_FUNCS.o)
                0x00000aac                LCD_I2C_print
 .text.LCD_I2C_command
                0x00000ac4        0xc .\CortexM3\ARM_GCC_541\Debug\Tec-Dig-2.a(LCD_I2C_FUNCS.o)
                0x00000ac4                LCD_I2C_command
 .text.LCD_I2C_clear
                0x00000ad0       0x10 .\CortexM3\ARM_GCC_541\Debug\Tec-Dig-2.a(LCD_I2C_FUNCS.o)
                0x00000ad0                LCD_I2C_clear
 .text.LCD_I2C_home
                0x00000ae0       0x10 .\CortexM3\ARM_GCC_541\Debug\Tec-Dig-2.a(LCD_I2C_FUNCS.o)
                0x00000ae0                LCD_I2C_home
 .text.LCD_I2C_setCursor
                0x00000af0       0x3c .\CortexM3\ARM_GCC_541\Debug\Tec-Dig-2.a(LCD_I2C_FUNCS.o)
                0x00000af0                LCD_I2C_setCursor
 .text.LCD_I2C_noDisplay
                0x00000b2c       0x1c .\CortexM3\ARM_GCC_541\Debug\Tec-Dig-2.a(LCD_I2C_FUNCS.o)
                0x00000b2c                LCD_I2C_noDisplay
 .text.LCD_I2C_display
                0x00000b48       0x1c .\CortexM3\ARM_GCC_541\Debug\Tec-Dig-2.a(LCD_I2C_FUNCS.o)
                0x00000b48                LCD_I2C_display
 .text.LCD_I2C_begin
                0x00000b64       0x6c .\CortexM3\ARM_GCC_541\Debug\Tec-Dig-2.a(LCD_I2C_FUNCS.o)
                0x00000b64                LCD_I2C_begin
 .text.LCD_I2C_start
                0x00000bd0       0x2c .\CortexM3\ARM_GCC_541\Debug\Tec-Dig-2.a(LCD_I2C_FUNCS.o)
                0x00000bd0                LCD_I2C_start
 .text.UART_Init
                0x00000bfc       0x24 .\CortexM3\ARM_GCC_541\Debug\Tec-Dig-2.a(UART.o)
                0x00000bfc                UART_Init
 .text.UART_Enable
                0x00000c20       0x38 .\CortexM3\ARM_GCC_541\Debug\Tec-Dig-2.a(UART.o)
                0x00000c20                UART_Enable
 .text.UART_Start
                0x00000c58       0x1c .\CortexM3\ARM_GCC_541\Debug\Tec-Dig-2.a(UART.o)
                0x00000c58                UART_Start
 .text.UART_GetChar
                0x00000c74       0x2c .\CortexM3\ARM_GCC_541\Debug\Tec-Dig-2.a(UART.o)
                0x00000c74                UART_GetChar
 .text.PWM_Enable
                0x00000ca0       0x10 .\CortexM3\ARM_GCC_541\Debug\Tec-Dig-2.a(PWM.o)
                0x00000ca0                PWM_Enable
 .text.PWM_WriteCounter
                0x00000cb0        0xc .\CortexM3\ARM_GCC_541\Debug\Tec-Dig-2.a(PWM.o)
                0x00000cb0                PWM_WriteCounter
 .text.PWM_WritePeriod
                0x00000cbc        0xc .\CortexM3\ARM_GCC_541\Debug\Tec-Dig-2.a(PWM.o)
                0x00000cbc                PWM_WritePeriod
 .text.PWM_WriteCompare
                0x00000cc8        0xc .\CortexM3\ARM_GCC_541\Debug\Tec-Dig-2.a(PWM.o)
                0x00000cc8                PWM_WriteCompare
 .text.PWM_SetInterruptMode
                0x00000cd4        0xc .\CortexM3\ARM_GCC_541\Debug\Tec-Dig-2.a(PWM.o)
                0x00000cd4                PWM_SetInterruptMode
 .text.PWM_ReadStatusRegister
                0x00000ce0        0xc .\CortexM3\ARM_GCC_541\Debug\Tec-Dig-2.a(PWM.o)
                0x00000ce0                PWM_ReadStatusRegister
 .text.PWM_ReadCapture
                0x00000cec        0xc .\CortexM3\ARM_GCC_541\Debug\Tec-Dig-2.a(PWM.o)
                0x00000cec                PWM_ReadCapture
 .text.PWM_ClearFIFO
                0x00000cf8       0x14 .\CortexM3\ARM_GCC_541\Debug\Tec-Dig-2.a(PWM.o)
                0x00000cf8                PWM_ClearFIFO
 .text.PWM_Init
                0x00000d0c       0x60 .\CortexM3\ARM_GCC_541\Debug\Tec-Dig-2.a(PWM.o)
                0x00000d0c                PWM_Init
 .text.PWM_Start
                0x00000d6c       0x1c .\CortexM3\ARM_GCC_541\Debug\Tec-Dig-2.a(PWM.o)
                0x00000d6c                PWM_Start
 .text.Bomba_Write
                0x00000d88       0x18 .\CortexM3\ARM_GCC_541\Debug\Tec-Dig-2.a(Bomba.o)
                0x00000d88                Bomba_Write
 .text.Cooler_Write
                0x00000da0       0x18 .\CortexM3\ARM_GCC_541\Debug\Tec-Dig-2.a(Cooler.o)
                0x00000da0                Cooler_Write
 .text.Buzzer_Write
                0x00000db8       0x18 .\CortexM3\ARM_GCC_541\Debug\Tec-Dig-2.a(Buzzer.o)
                0x00000db8                Buzzer_Write
 .text.RXint_SetVector
                0x00000dd0        0xc .\CortexM3\ARM_GCC_541\Debug\Tec-Dig-2.a(RXint.o)
                0x00000dd0                RXint_SetVector
 .text.RXint_SetPriority
                0x00000ddc       0x10 .\CortexM3\ARM_GCC_541\Debug\Tec-Dig-2.a(RXint.o)
                0x00000ddc                RXint_SetPriority
 .text.RXint_Enable
                0x00000dec        0xc .\CortexM3\ARM_GCC_541\Debug\Tec-Dig-2.a(RXint.o)
                0x00000dec                RXint_Enable
 .text.RXint_Disable
                0x00000df8        0xc .\CortexM3\ARM_GCC_541\Debug\Tec-Dig-2.a(RXint.o)
                0x00000df8                RXint_Disable
 .text.RXint_StartEx
                0x00000e04       0x1c .\CortexM3\ARM_GCC_541\Debug\Tec-Dig-2.a(RXint.o)
                0x00000e04                RXint_StartEx
 .text.I2C_Init
                0x00000e20       0x68 .\CortexM3\ARM_GCC_541\Debug\Tec-Dig-2.a(I2C.o)
                0x00000e20                I2C_Init
 .text.I2C_Enable
                0x00000e88       0x24 .\CortexM3\ARM_GCC_541\Debug\Tec-Dig-2.a(I2C.o)
                0x00000e88                I2C_Enable
 .text.I2C_Start
                0x00000eac       0x28 .\CortexM3\ARM_GCC_541\Debug\Tec-Dig-2.a(I2C.o)
                0x00000eac                I2C_Start
 .text.I2C_ISR  0x00000ed4      0x2d0 .\CortexM3\ARM_GCC_541\Debug\Tec-Dig-2.a(I2C_INT.o)
                0x00000ed4                I2C_ISR
 .text.I2C_MasterSendStart
                0x000011a4       0x80 .\CortexM3\ARM_GCC_541\Debug\Tec-Dig-2.a(I2C_MASTER.o)
                0x000011a4                I2C_MasterSendStart
 .text.I2C_MasterSendStop
                0x00001224       0x38 .\CortexM3\ARM_GCC_541\Debug\Tec-Dig-2.a(I2C_MASTER.o)
                0x00001224                I2C_MasterSendStop
 .text.I2C_MasterWriteByte
                0x0000125c       0x58 .\CortexM3\ARM_GCC_541\Debug\Tec-Dig-2.a(I2C_MASTER.o)
                0x0000125c                I2C_MasterWriteByte
 .text.Clock_Start
                0x000012b4       0x1c .\CortexM3\ARM_GCC_541\Debug\Tec-Dig-2.a(Clock.o)
                0x000012b4                Clock_Start
 .text.UART_IntClock_Start
                0x000012d0       0x1c .\CortexM3\ARM_GCC_541\Debug\Tec-Dig-2.a(UART_IntClock.o)
                0x000012d0                UART_IntClock_Start
 .text.CyHalt   0x000012ec        0x4 .\CortexM3\ARM_GCC_541\Debug\Tec-Dig-2.a(CyLib.o)
                0x000012ec                CyHalt
 .text.CyDelay  0x000012f0       0x2c .\CortexM3\ARM_GCC_541\Debug\Tec-Dig-2.a(CyLib.o)
                0x000012f0                CyDelay
 .text.CyDelayUs
                0x0000131c       0x14 .\CortexM3\ARM_GCC_541\Debug\Tec-Dig-2.a(CyLib.o)
                0x0000131c                CyDelayUs
 .text.CyIntSetVector
                0x00001330       0x28 .\CortexM3\ARM_GCC_541\Debug\Tec-Dig-2.a(CyLib.o)
                0x00001330                CyIntSetVector
 .text.CyIntSetPriority
                0x00001358       0x30 .\CortexM3\ARM_GCC_541\Debug\Tec-Dig-2.a(CyLib.o)
                0x00001358                CyIntSetPriority
 .text.Opamp_Enable
                0x00001388       0x28 .\CortexM3\ARM_GCC_541\Debug\Tec-Dig-2.a(Opamp.o)
                0x00001388                Opamp_Enable
 .text.Opamp_SetPower
                0x000013b0       0x1c .\CortexM3\ARM_GCC_541\Debug\Tec-Dig-2.a(Opamp.o)
                0x000013b0                Opamp_SetPower
 .text.Opamp_Init
                0x000013cc        0xc .\CortexM3\ARM_GCC_541\Debug\Tec-Dig-2.a(Opamp.o)
                0x000013cc                Opamp_Init
 .text.Opamp_Start
                0x000013d8       0x1c .\CortexM3\ARM_GCC_541\Debug\Tec-Dig-2.a(Opamp.o)
                0x000013d8                Opamp_Start
 .text.ADC_GainCompensation
                0x000013f4       0xdc .\CortexM3\ARM_GCC_541\Debug\Tec-Dig-2.a(ADC.o)
 .text.ADC_SetDSMRef0Reg
                0x000014d0       0x4c .\CortexM3\ARM_GCC_541\Debug\Tec-Dig-2.a(ADC.o)
 .text.ADC_InitConfig
                0x0000151c       0xe8 .\CortexM3\ARM_GCC_541\Debug\Tec-Dig-2.a(ADC.o)
 .text.ADC_Init
                0x00001604       0xc4 .\CortexM3\ARM_GCC_541\Debug\Tec-Dig-2.a(ADC.o)
                0x00001604                ADC_Init
 .text.ADC_Enable
                0x000016c8       0xd8 .\CortexM3\ARM_GCC_541\Debug\Tec-Dig-2.a(ADC.o)
                0x000016c8                ADC_Enable
 .text.ADC_Start
                0x000017a0       0x28 .\CortexM3\ARM_GCC_541\Debug\Tec-Dig-2.a(ADC.o)
                0x000017a0                ADC_Start
 .text.ADC_StartConvert
                0x000017c8       0x10 .\CortexM3\ARM_GCC_541\Debug\Tec-Dig-2.a(ADC.o)
                0x000017c8                ADC_StartConvert
 .text.ADC_StopConvert
                0x000017d8       0x10 .\CortexM3\ARM_GCC_541\Debug\Tec-Dig-2.a(ADC.o)
                0x000017d8                ADC_StopConvert
 .text.ADC_IsEndConversion
                0x000017e8       0x30 .\CortexM3\ARM_GCC_541\Debug\Tec-Dig-2.a(ADC.o)
                0x000017e8                ADC_IsEndConversion
 .text.ADC_GetResult32
                0x00001818       0x6c .\CortexM3\ARM_GCC_541\Debug\Tec-Dig-2.a(ADC.o)
                0x00001818                ADC_GetResult32
 .text.ADC_CountsTo_mVolts
                0x00001884       0x24 .\CortexM3\ARM_GCC_541\Debug\Tec-Dig-2.a(ADC.o)
                0x00001884                ADC_CountsTo_mVolts
 .text.ADC_ISR1
                0x000018a8        0x4 .\CortexM3\ARM_GCC_541\Debug\Tec-Dig-2.a(ADC_INT.o)
                0x000018a8                ADC_ISR1
 .text.ADC_AMux_Start
                0x000018ac       0x20 .\CortexM3\ARM_GCC_541\Debug\Tec-Dig-2.a(ADC_AMux.o)
                0x000018ac                ADC_AMux_Start
 .text.ADC_AMux_Select
                0x000018cc       0x18 .\CortexM3\ARM_GCC_541\Debug\Tec-Dig-2.a(ADC_AMux.o)
                0x000018cc                ADC_AMux_Select
 .text.ADC_Ext_CP_Clk_GetDividerRegister
                0x000018e4        0xc .\CortexM3\ARM_GCC_541\Debug\Tec-Dig-2.a(ADC_Ext_CP_Clk.o)
                0x000018e4                ADC_Ext_CP_Clk_GetDividerRegister
 .text.ADC_Ext_CP_Clk_SetModeRegister
                0x000018f0       0x14 .\CortexM3\ARM_GCC_541\Debug\Tec-Dig-2.a(ADC_Ext_CP_Clk.o)
                0x000018f0                ADC_Ext_CP_Clk_SetModeRegister
 .text.ADC_Ext_CP_Clk_GetSourceRegister
                0x00001904       0x10 .\CortexM3\ARM_GCC_541\Debug\Tec-Dig-2.a(ADC_Ext_CP_Clk.o)
                0x00001904                ADC_Ext_CP_Clk_GetSourceRegister
 .text.ADC_Ext_CP_Clk_SetDividerRegister
                0x00001914       0xd8 .\CortexM3\ARM_GCC_541\Debug\Tec-Dig-2.a(ADC_Ext_CP_Clk.o)
                0x00001914                ADC_Ext_CP_Clk_SetDividerRegister
 .text.ADC_theACLK_GetDividerRegister
                0x000019ec        0xc .\CortexM3\ARM_GCC_541\Debug\Tec-Dig-2.a(ADC_theACLK.o)
                0x000019ec                ADC_theACLK_GetDividerRegister
 .text.ADC_theACLK_SetModeRegister
                0x000019f8       0x14 .\CortexM3\ARM_GCC_541\Debug\Tec-Dig-2.a(ADC_theACLK.o)
                0x000019f8                ADC_theACLK_SetModeRegister
 .text.ADC_theACLK_GetSourceRegister
                0x00001a0c       0x10 .\CortexM3\ARM_GCC_541\Debug\Tec-Dig-2.a(ADC_theACLK.o)
                0x00001a0c                ADC_theACLK_GetSourceRegister
 .text.ADC_theACLK_SetDividerRegister
                0x00001a1c       0xd8 .\CortexM3\ARM_GCC_541\Debug\Tec-Dig-2.a(ADC_theACLK.o)
                0x00001a1c                ADC_theACLK_SetDividerRegister
 .text.NivelMax_Read
                0x00001af4       0x10 .\CortexM3\ARM_GCC_541\Debug\Tec-Dig-2.a(NivelMax.o)
                0x00001af4                NivelMax_Read
 .text.NivelMin_Read
                0x00001b04       0x10 .\CortexM3\ARM_GCC_541\Debug\Tec-Dig-2.a(NivelMin.o)
                0x00001b04                NivelMin_Read
 *fill*         0x00001b14        0x4 
 .text          0x00001b18       0x20 .\CortexM3\ARM_GCC_541\Debug\Tec-Dig-2.a(CyBootAsmGnu.o)
                0x00001b18                CyDelayCycles
                0x00001b28                CyEnterCriticalSection
                0x00001b30                CyExitCriticalSection
 .text.LCD_I2C_writeByte
                0x00001b38       0x18 .\CortexM3\ARM_GCC_541\Debug\Tec-Dig-2.a(LCD_I2C_LL_I2C.o)
                0x00001b38                LCD_I2C_writeByte
 .text.__errno  0x00001b50        0xc c:/program files (x86)/cypress/psoc creator/4.4/psoc creator/import/gnu/arm/5.4.1/bin/../lib/gcc/arm-none-eabi/5.4.1/../../../../arm-none-eabi/lib/armv7-m\libg_nano.a(lib_a-errno.o)
                0x00001b50                __errno
 .text.__libc_init_array
                0x00001b5c       0x4c c:/program files (x86)/cypress/psoc creator/4.4/psoc creator/import/gnu/arm/5.4.1/bin/../lib/gcc/arm-none-eabi/5.4.1/../../../../arm-none-eabi/lib/armv7-m\libg_nano.a(lib_a-init.o)
                0x00001b5c                __libc_init_array
 .text.memcpy   0x00001ba8       0x16 c:/program files (x86)/cypress/psoc creator/4.4/psoc creator/import/gnu/arm/5.4.1/bin/../lib/gcc/arm-none-eabi/5.4.1/../../../../arm-none-eabi/lib/armv7-m\libg_nano.a(lib_a-memcpy-stub.o)
                0x00001ba8                memcpy
 .text.memset   0x00001bbe       0x10 c:/program files (x86)/cypress/psoc creator/4.4/psoc creator/import/gnu/arm/5.4.1/bin/../lib/gcc/arm-none-eabi/5.4.1/../../../../arm-none-eabi/lib/armv7-m\libg_nano.a(lib_a-memset.o)
                0x00001bbe                memset
 *fill*         0x00001bce        0x2 
 .text.sprintf  0x00001bd0       0x48 c:/program files (x86)/cypress/psoc creator/4.4/psoc creator/import/gnu/arm/5.4.1/bin/../lib/gcc/arm-none-eabi/5.4.1/../../../../arm-none-eabi/lib/armv7-m\libg_nano.a(lib_a-sprintf.o)
                0x00001bd0                siprintf
                0x00001bd0                sprintf
 .text.__ssputs_r
                0x00001c18       0xb2 c:/program files (x86)/cypress/psoc creator/4.4/psoc creator/import/gnu/arm/5.4.1/bin/../lib/gcc/arm-none-eabi/5.4.1/../../../../arm-none-eabi/lib/armv7-m\libg_nano.a(lib_a-nano-svfprintf.o)
                0x00001c18                __ssputs_r
 *fill*         0x00001cca        0x2 
 .text._svfprintf_r
                0x00001ccc      0x1e8 c:/program files (x86)/cypress/psoc creator/4.4/psoc creator/import/gnu/arm/5.4.1/bin/../lib/gcc/arm-none-eabi/5.4.1/../../../../arm-none-eabi/lib/armv7-m\libg_nano.a(lib_a-nano-svfprintf.o)
                0x00001ccc                _svfiprintf_r
                0x00001ccc                _svfprintf_r
 .text._printf_common
                0x00001eb4       0xec c:/program files (x86)/cypress/psoc creator/4.4/psoc creator/import/gnu/arm/5.4.1/bin/../lib/gcc/arm-none-eabi/5.4.1/../../../../arm-none-eabi/lib/armv7-m\libg_nano.a(lib_a-nano-vfprintf_i.o)
                0x00001eb4                _printf_common
 .text._printf_i
                0x00001fa0      0x24c c:/program files (x86)/cypress/psoc creator/4.4/psoc creator/import/gnu/arm/5.4.1/bin/../lib/gcc/arm-none-eabi/5.4.1/../../../../arm-none-eabi/lib/armv7-m\libg_nano.a(lib_a-nano-vfprintf_i.o)
                0x00001fa0                _printf_i
 .text.memchr   0x000021ec       0x1c c:/program files (x86)/cypress/psoc creator/4.4/psoc creator/import/gnu/arm/5.4.1/bin/../lib/gcc/arm-none-eabi/5.4.1/../../../../arm-none-eabi/lib/armv7-m\libg_nano.a(lib_a-memchr-stub.o)
                0x000021ec                memchr
 .text.memmove  0x00002208       0x36 c:/program files (x86)/cypress/psoc creator/4.4/psoc creator/import/gnu/arm/5.4.1/bin/../lib/gcc/arm-none-eabi/5.4.1/../../../../arm-none-eabi/lib/armv7-m\libg_nano.a(lib_a-memmove.o)
                0x00002208                memmove
 *fill*         0x0000223e        0x2 
 .text._free_r  0x00002240       0x98 c:/program files (x86)/cypress/psoc creator/4.4/psoc creator/import/gnu/arm/5.4.1/bin/../lib/gcc/arm-none-eabi/5.4.1/../../../../arm-none-eabi/lib/armv7-m\libg_nano.a(lib_a-nano-freer.o)
                0x00002240                _free_r
 .text._malloc_r
                0x000022d8       0xbc c:/program files (x86)/cypress/psoc creator/4.4/psoc creator/import/gnu/arm/5.4.1/bin/../lib/gcc/arm-none-eabi/5.4.1/../../../../arm-none-eabi/lib/armv7-m\libg_nano.a(lib_a-nano-mallocr.o)
                0x000022d8                _malloc_r
 .text._realloc_r
                0x00002394       0x4c c:/program files (x86)/cypress/psoc creator/4.4/psoc creator/import/gnu/arm/5.4.1/bin/../lib/gcc/arm-none-eabi/5.4.1/../../../../arm-none-eabi/lib/armv7-m\libg_nano.a(lib_a-nano-reallocr.o)
                0x00002394                _realloc_r
 .text._sbrk_r  0x000023e0       0x20 c:/program files (x86)/cypress/psoc creator/4.4/psoc creator/import/gnu/arm/5.4.1/bin/../lib/gcc/arm-none-eabi/5.4.1/../../../../arm-none-eabi/lib/armv7-m\libg_nano.a(lib_a-sbrkr.o)
                0x000023e0                _sbrk_r
 .text.__malloc_lock
                0x00002400        0x2 c:/program files (x86)/cypress/psoc creator/4.4/psoc creator/import/gnu/arm/5.4.1/bin/../lib/gcc/arm-none-eabi/5.4.1/../../../../arm-none-eabi/lib/armv7-m\libg_nano.a(lib_a-mlock.o)
                0x00002400                __malloc_lock
 .text.__malloc_unlock
                0x00002402        0x2 c:/program files (x86)/cypress/psoc creator/4.4/psoc creator/import/gnu/arm/5.4.1/bin/../lib/gcc/arm-none-eabi/5.4.1/../../../../arm-none-eabi/lib/armv7-m\libg_nano.a(lib_a-mlock.o)
                0x00002402                __malloc_unlock
 .text._malloc_usable_size_r
                0x00002404       0x14 c:/program files (x86)/cypress/psoc creator/4.4/psoc creator/import/gnu/arm/5.4.1/bin/../lib/gcc/arm-none-eabi/5.4.1/../../../../arm-none-eabi/lib/armv7-m\libg_nano.a(lib_a-nano-msizer.o)
                0x00002404                _malloc_usable_size_r
 *(.plt)
 *(.gnu.warning)
 *(.glue_7t)
 .glue_7t       0x00002418        0x0 linker stubs
 *(.glue_7)
 .glue_7        0x00002418        0x0 linker stubs
 *(.vfp11_veneer)
 .vfp11_veneer  0x00002418        0x0 linker stubs
 *(.bootloader)
 *(.ARM.extab* .gnu.linkonce.armextab.*)
 *(.gcc_except_table)

.v4_bx          0x00002418        0x0
 .v4_bx         0x00002418        0x0 linker stubs

.iplt           0x00002418        0x0
 .iplt          0x00002418        0x0 c:/program files (x86)/cypress/psoc creator/4.4/psoc creator/import/gnu/arm/5.4.1/bin/../lib/gcc/arm-none-eabi/5.4.1/armv7-m/crtbegin.o

.eh_frame_hdr
 *(.eh_frame_hdr)

.eh_frame       0x00002418        0x4
 *(.eh_frame)
 .eh_frame      0x00002418        0x0 c:/program files (x86)/cypress/psoc creator/4.4/psoc creator/import/gnu/arm/5.4.1/bin/../lib/gcc/arm-none-eabi/5.4.1/armv7-m/crtbegin.o
 .eh_frame      0x00002418        0x4 c:/program files (x86)/cypress/psoc creator/4.4/psoc creator/import/gnu/arm/5.4.1/bin/../lib/gcc/arm-none-eabi/5.4.1/armv7-m/crtend.o
                [!provide]                PROVIDE (__exidx_start, .)

.ARM.exidx
 *(.ARM.exidx* .gnu.linkonce.armexidx.*)
                0x0000241c                __exidx_end = .

.rodata         0x0000241c      0x1cc
 *(.rodata .rodata.* .gnu.linkonce.r.*)
 .rodata.str1.4
                0x0000241c      0x120 .\CortexM3\ARM_GCC_541\Debug\main.o
                                0x11f (size before relaxing)
 .rodata        0x0000253c       0x36 .\CortexM3\ARM_GCC_541\Debug\cyfitter_cfg.o
                0x0000253c                ADC_AMux__addrTable
                0x00002544                ADC_AMux__maskTable
 *fill*         0x00002572        0x2 
 .rodata        0x00002574        0x4 .\CortexM3\ARM_GCC_541\Debug\Tec-Dig-2.a(LCD_I2C_FUNCS.o)
 .rodata.str1.1
                0x00002578        0x2 c:/program files (x86)/cypress/psoc creator/4.4/psoc creator/import/gnu/arm/5.4.1/bin/../lib/gcc/arm-none-eabi/5.4.1/../../../../arm-none-eabi/lib/armv7-m\libg_nano.a(lib_a-impure.o)
 .rodata.str1.1
                0x0000257a       0x11 c:/program files (x86)/cypress/psoc creator/4.4/psoc creator/import/gnu/arm/5.4.1/bin/../lib/gcc/arm-none-eabi/5.4.1/../../../../arm-none-eabi/lib/armv7-m\libg_nano.a(lib_a-nano-svfprintf.o)
 .rodata.str1.1
                0x0000258b       0x22 c:/program files (x86)/cypress/psoc creator/4.4/psoc creator/import/gnu/arm/5.4.1/bin/../lib/gcc/arm-none-eabi/5.4.1/../../../../arm-none-eabi/lib/armv7-m\libg_nano.a(lib_a-nano-vfprintf_i.o)
                0x000025b0                . = ALIGN (0x4)
 *fill*         0x000025ad        0x3 
 *(.init)
 .init          0x000025b0        0x4 c:/program files (x86)/cypress/psoc creator/4.4/psoc creator/import/gnu/arm/5.4.1/bin/../lib/gcc/arm-none-eabi/5.4.1/armv7-m/crti.o
                0x000025b0                _init
 .init          0x000025b4        0x8 c:/program files (x86)/cypress/psoc creator/4.4/psoc creator/import/gnu/arm/5.4.1/bin/../lib/gcc/arm-none-eabi/5.4.1/armv7-m/crtn.o
                0x000025bc                . = ALIGN (0x4)
                0x000025bc                __preinit_array_start = .
 *(.preinit_array)
                0x000025bc                __preinit_array_end = .
                0x000025bc                . = ALIGN (0x4)
                0x000025bc                __init_array_start = .
 *(SORT(.init_array.*))
 *(.init_array)
 .init_array    0x000025bc        0x4 c:/program files (x86)/cypress/psoc creator/4.4/psoc creator/import/gnu/arm/5.4.1/bin/../lib/gcc/arm-none-eabi/5.4.1/armv7-m/crtbegin.o
 .init_array    0x000025c0        0x4 .\CortexM3\ARM_GCC_541\Debug\Cm3Start.o
                0x000025c4                __init_array_end = .
                0x000025c4                . = ALIGN (0x4)
 *(.fini)
 .fini          0x000025c4        0x4 c:/program files (x86)/cypress/psoc creator/4.4/psoc creator/import/gnu/arm/5.4.1/bin/../lib/gcc/arm-none-eabi/5.4.1/armv7-m/crti.o
                0x000025c4                _fini
 .fini          0x000025c8        0x8 c:/program files (x86)/cypress/psoc creator/4.4/psoc creator/import/gnu/arm/5.4.1/bin/../lib/gcc/arm-none-eabi/5.4.1/armv7-m/crtn.o
                0x000025d0                . = ALIGN (0x4)
                0x000025d0                __fini_array_start = .
 *(.fini_array)
 .fini_array    0x000025d0        0x4 c:/program files (x86)/cypress/psoc creator/4.4/psoc creator/import/gnu/arm/5.4.1/bin/../lib/gcc/arm-none-eabi/5.4.1/armv7-m/crtbegin.o
 *(SORT(.fini_array.*))
                0x000025d4                __fini_array_end = .
                0x000025d4                . = ALIGN (0x4)
 *crtbegin.o(.ctors)
 *(EXCLUDE_FILE(*crtend.o) .ctors)
 *(SORT(.ctors.*))
 *crtend.o(.ctors)
                0x000025d4                . = ALIGN (0x4)
 *crtbegin.o(.dtors)
 *(EXCLUDE_FILE(*crtend.o) .dtors)
 *(SORT(.dtors.*))
 *crtend.o(.dtors)
                0x000025d4                . = ALIGN (0x4)
                0x000025d4                __cy_regions = .
                0x000025d4        0x4 LONG 0x25e8 __cy_region_init_ram
                0x000025d8        0x4 LONG 0x1fff80c8 __cy_region_start_data
                0x000025dc        0x4 LONG 0x88 __cy_region_init_size_ram
                0x000025e0        0x4 LONG 0x90 __cy_region_zero_size_ram
                0x000025e4                __cy_regions_end = .
                0x000025e8                . = ALIGN (0x8)
 *fill*         0x000025e4        0x4 
                0x000025e8                _etext = .

.cy_checksum_exclude
                0x000025e8        0x0
 *(.cy_checksum_exclude)

.ramvectors     0x1fff8000       0xc0
                0x1fff8000                __cy_region_start_ram = .
 *(.ramvectors)
 .ramvectors    0x1fff8000       0xc0 .\CortexM3\ARM_GCC_541\Debug\Cm3Start.o
                0x1fff8000                CyRamVectors

.noinit         0x1fff80c0        0x1
 *(.noinit)
 .noinit        0x1fff80c0        0x1 .\CortexM3\ARM_GCC_541\Debug\Tec-Dig-2.a(CyLib.o)
                0x1fff80c0                CyResetStatus

.data           0x1fff80c8       0x88 load address 0x000025e8
                0x1fff80c8                __cy_region_start_data = .
 *(.jcr)
 .jcr           0x1fff80c8        0x0 c:/program files (x86)/cypress/psoc creator/4.4/psoc creator/import/gnu/arm/5.4.1/bin/../lib/gcc/arm-none-eabi/5.4.1/armv7-m/crtbegin.o
 .jcr           0x1fff80c8        0x4 c:/program files (x86)/cypress/psoc creator/4.4/psoc creator/import/gnu/arm/5.4.1/bin/../lib/gcc/arm-none-eabi/5.4.1/armv7-m/crtend.o
 *(.got.plt)
 *(.got)
 *(.shdata)
 *(.data .data.* .gnu.linkonce.d.*)
 .data          0x1fff80cc        0x4 .\CortexM3\ARM_GCC_541\Debug\main.o
                0x1fff80cc                x
 .data          0x1fff80d0        0x4 .\CortexM3\ARM_GCC_541\Debug\Cm3Start.o
 .data          0x1fff80d4       0x10 .\CortexM3\ARM_GCC_541\Debug\Tec-Dig-2.a(CyLib.o)
                0x1fff80d4                cydelay_32k_ms
                0x1fff80d8                cydelay_freq_khz
                0x1fff80dc                cydelay_freq_mhz
                0x1fff80e0                cydelay_freq_hz
 .data          0x1fff80e4        0x1 .\CortexM3\ARM_GCC_541\Debug\Tec-Dig-2.a(ADC.o)
                0x1fff80e4                ADC_Config
 .data          0x1fff80e5        0x1 .\CortexM3\ARM_GCC_541\Debug\Tec-Dig-2.a(ADC_AMux.o)
 *fill*         0x1fff80e6        0x2 
 .data.impure_data
                0x1fff80e8       0x60 c:/program files (x86)/cypress/psoc creator/4.4/psoc creator/import/gnu/arm/5.4.1/bin/../lib/gcc/arm-none-eabi/5.4.1/../../../../arm-none-eabi/lib/armv7-m\libg_nano.a(lib_a-impure.o)
 .data._impure_ptr
                0x1fff8148        0x4 c:/program files (x86)/cypress/psoc creator/4.4/psoc creator/import/gnu/arm/5.4.1/bin/../lib/gcc/arm-none-eabi/5.4.1/../../../../arm-none-eabi/lib/armv7-m\libg_nano.a(lib_a-impure.o)
                0x1fff8148                _impure_ptr
                0x1fff8150                . = ALIGN (0x8)
 *fill*         0x1fff814c        0x4 
 *(.ram)
                0x1fff8150                _edata = .

.igot.plt       0x1fff8150        0x0 load address 0x00002670
 .igot.plt      0x1fff8150        0x0 c:/program files (x86)/cypress/psoc creator/4.4/psoc creator/import/gnu/arm/5.4.1/bin/../lib/gcc/arm-none-eabi/5.4.1/armv7-m/crtbegin.o

.bss            0x1fff8150       0x90 load address 0x00002670
                0x1fff8150                PROVIDE (__bss_start__, .)
 *(.shbss)
 *(.bss .bss.* .gnu.linkonce.b.*)
 .bss           0x1fff8150       0x1c c:/program files (x86)/cypress/psoc creator/4.4/psoc creator/import/gnu/arm/5.4.1/bin/../lib/gcc/arm-none-eabi/5.4.1/armv7-m/crtbegin.o
 .bss           0x1fff816c        0x2 .\CortexM3\ARM_GCC_541\Debug\Tec-Dig-2.a(UART.o)
                0x1fff816c                UART_initVar
 .bss           0x1fff816e        0x1 .\CortexM3\ARM_GCC_541\Debug\Tec-Dig-2.a(PWM.o)
                0x1fff816e                PWM_initVar
 .bss           0x1fff816f        0x1 .\CortexM3\ARM_GCC_541\Debug\Tec-Dig-2.a(I2C.o)
                0x1fff816f                I2C_initVar
 .bss           0x1fff8170        0x1 .\CortexM3\ARM_GCC_541\Debug\Tec-Dig-2.a(Opamp.o)
                0x1fff8170                Opamp_initVar
 *fill*         0x1fff8171        0x3 
 .bss           0x1fff8174        0xc .\CortexM3\ARM_GCC_541\Debug\Tec-Dig-2.a(ADC.o)
                0x1fff8178                ADC_stopConversion
                0x1fff8179                ADC_convDone
                0x1fff817a                ADC_initVar
                0x1fff817b                ADC_started
                0x1fff817c                ADC_Offset
 .bss.__malloc_sbrk_start
                0x1fff8180        0x4 c:/program files (x86)/cypress/psoc creator/4.4/psoc creator/import/gnu/arm/5.4.1/bin/../lib/gcc/arm-none-eabi/5.4.1/../../../../arm-none-eabi/lib/armv7-m\libg_nano.a(lib_a-nano-mallocr.o)
                0x1fff8180                __malloc_sbrk_start
 .bss.__malloc_free_list
                0x1fff8184        0x4 c:/program files (x86)/cypress/psoc creator/4.4/psoc creator/import/gnu/arm/5.4.1/bin/../lib/gcc/arm-none-eabi/5.4.1/../../../../arm-none-eabi/lib/armv7-m\libg_nano.a(lib_a-nano-mallocr.o)
                0x1fff8184                __malloc_free_list
 *(COMMON)
 COMMON         0x1fff8188       0x34 .\CortexM3\ARM_GCC_541\Debug\main.o
                0x1fff8188                pinStateMin
                0x1fff818c                blue
                0x1fff8198                entero
                0x1fff819c                temp
                0x1fff81a0                dato
                0x1fff81a4                outgas
                0x1fff81b0                gas
                0x1fff81b4                pinStateMax
                0x1fff81b8                voltaje
 COMMON         0x1fff81bc        0x8 .\CortexM3\ARM_GCC_541\Debug\Tec-Dig-2.a(LCD_I2C_FUNCS.o)
                0x1fff81bc                LCD_I2C_config
 COMMON         0x1fff81c4        0x1 .\CortexM3\ARM_GCC_541\Debug\Tec-Dig-2.a(I2C.o)
                0x1fff81c4                I2C_state
 *fill*         0x1fff81c5        0x3 
 COMMON         0x1fff81c8       0x10 .\CortexM3\ARM_GCC_541\Debug\Tec-Dig-2.a(I2C_MASTER.o)
                0x1fff81c8                I2C_mstrWrBufIndex
                0x1fff81c9                I2C_mstrWrBufSize
                0x1fff81ca                I2C_mstrStatus
                0x1fff81cc                I2C_mstrRdBufPtr
                0x1fff81d0                I2C_mstrControl
                0x1fff81d1                I2C_mstrRdBufSize
                0x1fff81d2                I2C_mstrRdBufIndex
                0x1fff81d4                I2C_mstrWrBufPtr
 COMMON         0x1fff81d8        0x4 .\CortexM3\ARM_GCC_541\Debug\Tec-Dig-2.a(ADC.o)
                0x1fff81d8                ADC_CountsPerVolt
 COMMON         0x1fff81dc        0x4 c:/program files (x86)/cypress/psoc creator/4.4/psoc creator/import/gnu/arm/5.4.1/bin/../lib/gcc/arm-none-eabi/5.4.1/../../../../arm-none-eabi/lib/armv7-m\libg_nano.a(lib_a-reent.o)
                0x1fff81dc                errno
                0x1fff81e0                . = ALIGN (0x8)
 *(.ram.b)
                0x1fff81e0                _end = .
                0x1fff81e0                __end = .
                0x1fff81e0                PROVIDE (end, .)
                0x1fff81e0                PROVIDE (__bss_end__, .)
                0x000025e8                __cy_region_init_ram = LOADADDR (.data)
                0x00000088                __cy_region_init_size_ram = (_edata - ADDR (.data))
                0x00000090                __cy_region_zero_size_ram = (_end - _edata)

.heap           0x1fff81e0       0x80 load address 0x00002670
                0x1fff81e0                . = _end
                0x1fff8260                . = (. + 0x80)
 *fill*         0x1fff81e0       0x80 
                0x1fff8260                __cy_heap_limit = .

.stack          0x20007800      0x800
                0x20007800                __cy_stack_limit = .
                0x20008000                . = (. + 0x800)
 *fill*         0x20007800      0x800 
                0x00000001                ASSERT ((__cy_stack_limit >= __cy_heap_limit), region RAM overflowed with stack)
                0x00000000                cy_checksum_exclude_size = (CY_APPL_LOADABLE == 0x1)?SIZEOF (.cy_checksum_exclude):0x0
                0x00000001                ASSERT ((cy_checksum_exclude_size <= CY_CHECKSUM_EXCLUDE_SIZE), CY_BOOT: Section .cy_checksum_exclude size exceedes specified limit.)

.cyloadermeta
 *(.cyloadermeta)

.cyloadablemeta
 *(.cyloadablemeta)

.cyconfigecc    0x80000000      0x594
 *(.cyconfigecc)
 .cyconfigecc   0x80000000      0x594 .\CortexM3\ARM_GCC_541\Debug\cymetadata.o
                0x80000000                cy_meta_configecc

.cycustnvl      0x90000000        0x4
 *(.cycustnvl)
 .cycustnvl     0x90000000        0x4 .\CortexM3\ARM_GCC_541\Debug\cymetadata.o
                0x90000000                cy_meta_custnvl

.cywolatch      0x90100000        0x4
 *(.cywolatch)
 .cywolatch     0x90100000        0x4 .\CortexM3\ARM_GCC_541\Debug\cymetadata.o
                0x90100000                cy_meta_wonvl

.cyeeprom       0x90200000        0x0
 *(.cyeeprom)
                0x00000001                ASSERT ((. <= ((0x90200000 + ee_offset) + ee_size)), .cyeeprom data will not fit in EEPROM)

.cyflashprotect
                0x90400000      0x100
 *(.cyflashprotect)
 .cyflashprotect
                0x90400000      0x100 .\CortexM3\ARM_GCC_541\Debug\cymetadata.o
                0x90400000                cy_meta_flashprotect

.cymeta         0x90500000        0xc
 *(.cymeta)
 .cymeta        0x90500000        0xc .\CortexM3\ARM_GCC_541\Debug\cymetadata.o
                0x90500000                cy_metadata

.rel.dyn        0x00002670        0x0 load address 0x9050000c
 .rel.iplt      0x00002670        0x0 c:/program files (x86)/cypress/psoc creator/4.4/psoc creator/import/gnu/arm/5.4.1/bin/../lib/gcc/arm-none-eabi/5.4.1/armv7-m/crtbegin.o

.stab
 *(.stab)

.stabstr
 *(.stabstr)

.debug
 *(.debug)

.line
 *(.line)

.debug_srcinfo
 *(.debug_srcinfo)

.debug_sfnames
 *(.debug_sfnames)

.debug_aranges  0x00000000      0xe28
 *(.debug_aranges)
 .debug_aranges
                0x00000000       0x50 .\CortexM3\ARM_GCC_541\Debug\main.o
 .debug_aranges
                0x00000050       0x68 .\CortexM3\ARM_GCC_541\Debug\cyfitter_cfg.o
 .debug_aranges
                0x000000b8       0x18 .\CortexM3\ARM_GCC_541\Debug\cymetadata.o
 .debug_aranges
                0x000000d0       0x48 .\CortexM3\ARM_GCC_541\Debug\Cm3Start.o
 .debug_aranges
                0x00000118      0x100 .\CortexM3\ARM_GCC_541\Debug\Tec-Dig-2.a(LCD_I2C_FUNCS.o)
 .debug_aranges
                0x00000218       0xf0 .\CortexM3\ARM_GCC_541\Debug\Tec-Dig-2.a(UART.o)
 .debug_aranges
                0x00000308       0x98 .\CortexM3\ARM_GCC_541\Debug\Tec-Dig-2.a(PWM.o)
 .debug_aranges
                0x000003a0       0x38 .\CortexM3\ARM_GCC_541\Debug\Tec-Dig-2.a(Bomba.o)
 .debug_aranges
                0x000003d8       0x38 .\CortexM3\ARM_GCC_541\Debug\Tec-Dig-2.a(Cooler.o)
 .debug_aranges
                0x00000410       0x38 .\CortexM3\ARM_GCC_541\Debug\Tec-Dig-2.a(Buzzer.o)
 .debug_aranges
                0x00000448       0x80 .\CortexM3\ARM_GCC_541\Debug\Tec-Dig-2.a(RXint.o)
 .debug_aranges
                0x000004c8       0x38 .\CortexM3\ARM_GCC_541\Debug\Tec-Dig-2.a(I2C.o)
 .debug_aranges
                0x00000500       0x20 .\CortexM3\ARM_GCC_541\Debug\Tec-Dig-2.a(I2C_INT.o)
 .debug_aranges
                0x00000520       0x38 .\CortexM3\ARM_GCC_541\Debug\Tec-Dig-2.a(I2C_PM.o)
 .debug_aranges
                0x00000558       0x80 .\CortexM3\ARM_GCC_541\Debug\Tec-Dig-2.a(I2C_MASTER.o)
 .debug_aranges
                0x000005d8       0x70 .\CortexM3\ARM_GCC_541\Debug\Tec-Dig-2.a(Clock.o)
 .debug_aranges
                0x00000648       0x70 .\CortexM3\ARM_GCC_541\Debug\Tec-Dig-2.a(UART_IntClock.o)
 .debug_aranges
                0x000006b8      0x2a0 .\CortexM3\ARM_GCC_541\Debug\Tec-Dig-2.a(CyLib.o)
 .debug_aranges
                0x00000958       0x98 .\CortexM3\ARM_GCC_541\Debug\Tec-Dig-2.a(cyPm.o)
 .debug_aranges
                0x000009f0       0x40 .\CortexM3\ARM_GCC_541\Debug\Tec-Dig-2.a(Opamp.o)
 .debug_aranges
                0x00000a30       0xe8 .\CortexM3\ARM_GCC_541\Debug\Tec-Dig-2.a(ADC.o)
 .debug_aranges
                0x00000b18       0x38 .\CortexM3\ARM_GCC_541\Debug\Tec-Dig-2.a(ADC_INT.o)
 .debug_aranges
                0x00000b50       0x30 .\CortexM3\ARM_GCC_541\Debug\Tec-Dig-2.a(ADC_AMux.o)
 .debug_aranges
                0x00000b80       0x70 .\CortexM3\ARM_GCC_541\Debug\Tec-Dig-2.a(ADC_Ext_CP_Clk.o)
 .debug_aranges
                0x00000bf0       0x80 .\CortexM3\ARM_GCC_541\Debug\Tec-Dig-2.a(ADC_theACLK.o)
 .debug_aranges
                0x00000c70       0x38 .\CortexM3\ARM_GCC_541\Debug\Tec-Dig-2.a(NivelMax.o)
 .debug_aranges
                0x00000ca8       0x38 .\CortexM3\ARM_GCC_541\Debug\Tec-Dig-2.a(NivelMin.o)
 .debug_aranges
                0x00000ce0       0x20 .\CortexM3\ARM_GCC_541\Debug\Tec-Dig-2.a(CyBootAsmGnu.o)
 .debug_aranges
                0x00000d00       0x20 .\CortexM3\ARM_GCC_541\Debug\Tec-Dig-2.a(LCD_I2C_LL_I2C.o)
 .debug_aranges
                0x00000d20       0x88 .\CortexM3\ARM_GCC_541\Debug\Tec-Dig-2.a(CyFlash.o)
 .debug_aranges
                0x00000da8       0x80 .\CortexM3\ARM_GCC_541\Debug\Tec-Dig-2.a(CySpc.o)

.debug_pubnames
 *(.debug_pubnames)

.debug_info     0x00000000     0x80fe
 *(.debug_info .gnu.linkonce.wi.*)
 .debug_info    0x00000000      0xe9d .\CortexM3\ARM_GCC_541\Debug\main.o
 .debug_info    0x00000e9d      0x60c .\CortexM3\ARM_GCC_541\Debug\cyfitter_cfg.o
 .debug_info    0x000014a9      0x136 .\CortexM3\ARM_GCC_541\Debug\cymetadata.o
 .debug_info    0x000015df      0x3bb .\CortexM3\ARM_GCC_541\Debug\Cm3Start.o
 .debug_info    0x0000199a      0x85d .\CortexM3\ARM_GCC_541\Debug\Tec-Dig-2.a(LCD_I2C_FUNCS.o)
 .debug_info    0x000021f7      0x60c .\CortexM3\ARM_GCC_541\Debug\Tec-Dig-2.a(UART.o)
 .debug_info    0x00002803      0x354 .\CortexM3\ARM_GCC_541\Debug\Tec-Dig-2.a(PWM.o)
 .debug_info    0x00002b57      0x11f .\CortexM3\ARM_GCC_541\Debug\Tec-Dig-2.a(Bomba.o)
 .debug_info    0x00002c76      0x11f .\CortexM3\ARM_GCC_541\Debug\Tec-Dig-2.a(Cooler.o)
 .debug_info    0x00002d95      0x11f .\CortexM3\ARM_GCC_541\Debug\Tec-Dig-2.a(Buzzer.o)
 .debug_info    0x00002eb4      0x2d2 .\CortexM3\ARM_GCC_541\Debug\Tec-Dig-2.a(RXint.o)
 .debug_info    0x00003186      0x2ad .\CortexM3\ARM_GCC_541\Debug\Tec-Dig-2.a(I2C.o)
 .debug_info    0x00003433      0x184 .\CortexM3\ARM_GCC_541\Debug\Tec-Dig-2.a(I2C_INT.o)
 .debug_info    0x000035b7      0x207 .\CortexM3\ARM_GCC_541\Debug\Tec-Dig-2.a(I2C_PM.o)
 .debug_info    0x000037be      0x407 .\CortexM3\ARM_GCC_541\Debug\Tec-Dig-2.a(I2C_MASTER.o)
 .debug_info    0x00003bc5      0x283 .\CortexM3\ARM_GCC_541\Debug\Tec-Dig-2.a(Clock.o)
 .debug_info    0x00003e48      0x283 .\CortexM3\ARM_GCC_541\Debug\Tec-Dig-2.a(UART_IntClock.o)
 .debug_info    0x000040cb     0x1374 .\CortexM3\ARM_GCC_541\Debug\Tec-Dig-2.a(CyLib.o)
 .debug_info    0x0000543f      0xa2a .\CortexM3\ARM_GCC_541\Debug\Tec-Dig-2.a(cyPm.o)
 .debug_info    0x00005e69      0x151 .\CortexM3\ARM_GCC_541\Debug\Tec-Dig-2.a(Opamp.o)
 .debug_info    0x00005fba      0xa1d .\CortexM3\ARM_GCC_541\Debug\Tec-Dig-2.a(ADC.o)
 .debug_info    0x000069d7       0xd3 .\CortexM3\ARM_GCC_541\Debug\Tec-Dig-2.a(ADC_INT.o)
 .debug_info    0x00006aaa      0x165 .\CortexM3\ARM_GCC_541\Debug\Tec-Dig-2.a(ADC_AMux.o)
 .debug_info    0x00006c0f      0x283 .\CortexM3\ARM_GCC_541\Debug\Tec-Dig-2.a(ADC_Ext_CP_Clk.o)
 .debug_info    0x00006e92      0x2c4 .\CortexM3\ARM_GCC_541\Debug\Tec-Dig-2.a(ADC_theACLK.o)
 .debug_info    0x00007156      0x11f .\CortexM3\ARM_GCC_541\Debug\Tec-Dig-2.a(NivelMax.o)
 .debug_info    0x00007275      0x11f .\CortexM3\ARM_GCC_541\Debug\Tec-Dig-2.a(NivelMin.o)
 .debug_info    0x00007394       0x77 .\CortexM3\ARM_GCC_541\Debug\Tec-Dig-2.a(CyBootAsmGnu.o)
 .debug_info    0x0000740b      0x156 .\CortexM3\ARM_GCC_541\Debug\Tec-Dig-2.a(LCD_I2C_LL_I2C.o)
 .debug_info    0x00007561      0x64d .\CortexM3\ARM_GCC_541\Debug\Tec-Dig-2.a(CyFlash.o)
 .debug_info    0x00007bae      0x550 .\CortexM3\ARM_GCC_541\Debug\Tec-Dig-2.a(CySpc.o)

.debug_abbrev   0x00000000     0x228e
 *(.debug_abbrev)
 .debug_abbrev  0x00000000      0x14c .\CortexM3\ARM_GCC_541\Debug\main.o
 .debug_abbrev  0x0000014c      0x21e .\CortexM3\ARM_GCC_541\Debug\cyfitter_cfg.o
 .debug_abbrev  0x0000036a       0x77 .\CortexM3\ARM_GCC_541\Debug\cymetadata.o
 .debug_abbrev  0x000003e1      0x1e8 .\CortexM3\ARM_GCC_541\Debug\Cm3Start.o
 .debug_abbrev  0x000005c9      0x1a0 .\CortexM3\ARM_GCC_541\Debug\Tec-Dig-2.a(LCD_I2C_FUNCS.o)
 .debug_abbrev  0x00000769      0x175 .\CortexM3\ARM_GCC_541\Debug\Tec-Dig-2.a(UART.o)
 .debug_abbrev  0x000008de      0x133 .\CortexM3\ARM_GCC_541\Debug\Tec-Dig-2.a(PWM.o)
 .debug_abbrev  0x00000a11       0x90 .\CortexM3\ARM_GCC_541\Debug\Tec-Dig-2.a(Bomba.o)
 .debug_abbrev  0x00000aa1       0x90 .\CortexM3\ARM_GCC_541\Debug\Tec-Dig-2.a(Cooler.o)
 .debug_abbrev  0x00000b31       0x90 .\CortexM3\ARM_GCC_541\Debug\Tec-Dig-2.a(Buzzer.o)
 .debug_abbrev  0x00000bc1      0x173 .\CortexM3\ARM_GCC_541\Debug\Tec-Dig-2.a(RXint.o)
 .debug_abbrev  0x00000d34      0x10a .\CortexM3\ARM_GCC_541\Debug\Tec-Dig-2.a(I2C.o)
 .debug_abbrev  0x00000e3e       0xb6 .\CortexM3\ARM_GCC_541\Debug\Tec-Dig-2.a(I2C_INT.o)
 .debug_abbrev  0x00000ef4       0xfe .\CortexM3\ARM_GCC_541\Debug\Tec-Dig-2.a(I2C_PM.o)
 .debug_abbrev  0x00000ff2      0x13c .\CortexM3\ARM_GCC_541\Debug\Tec-Dig-2.a(I2C_MASTER.o)
 .debug_abbrev  0x0000112e      0x139 .\CortexM3\ARM_GCC_541\Debug\Tec-Dig-2.a(Clock.o)
 .debug_abbrev  0x00001267      0x139 .\CortexM3\ARM_GCC_541\Debug\Tec-Dig-2.a(UART_IntClock.o)
 .debug_abbrev  0x000013a0      0x254 .\CortexM3\ARM_GCC_541\Debug\Tec-Dig-2.a(CyLib.o)
 .debug_abbrev  0x000015f4      0x1ab .\CortexM3\ARM_GCC_541\Debug\Tec-Dig-2.a(cyPm.o)
 .debug_abbrev  0x0000179f       0xb2 .\CortexM3\ARM_GCC_541\Debug\Tec-Dig-2.a(Opamp.o)
 .debug_abbrev  0x00001851      0x1cd .\CortexM3\ARM_GCC_541\Debug\Tec-Dig-2.a(ADC.o)
 .debug_abbrev  0x00001a1e       0x42 .\CortexM3\ARM_GCC_541\Debug\Tec-Dig-2.a(ADC_INT.o)
 .debug_abbrev  0x00001a60       0xb1 .\CortexM3\ARM_GCC_541\Debug\Tec-Dig-2.a(ADC_AMux.o)
 .debug_abbrev  0x00001b11      0x139 .\CortexM3\ARM_GCC_541\Debug\Tec-Dig-2.a(ADC_Ext_CP_Clk.o)
 .debug_abbrev  0x00001c4a      0x121 .\CortexM3\ARM_GCC_541\Debug\Tec-Dig-2.a(ADC_theACLK.o)
 .debug_abbrev  0x00001d6b       0x90 .\CortexM3\ARM_GCC_541\Debug\Tec-Dig-2.a(NivelMax.o)
 .debug_abbrev  0x00001dfb       0x90 .\CortexM3\ARM_GCC_541\Debug\Tec-Dig-2.a(NivelMin.o)
 .debug_abbrev  0x00001e8b       0x14 .\CortexM3\ARM_GCC_541\Debug\Tec-Dig-2.a(CyBootAsmGnu.o)
 .debug_abbrev  0x00001e9f       0xb4 .\CortexM3\ARM_GCC_541\Debug\Tec-Dig-2.a(LCD_I2C_LL_I2C.o)
 .debug_abbrev  0x00001f53      0x1a7 .\CortexM3\ARM_GCC_541\Debug\Tec-Dig-2.a(CyFlash.o)
 .debug_abbrev  0x000020fa      0x194 .\CortexM3\ARM_GCC_541\Debug\Tec-Dig-2.a(CySpc.o)

.debug_line     0x00000000     0x3785
 *(.debug_line)
 .debug_line    0x00000000      0x429 .\CortexM3\ARM_GCC_541\Debug\main.o
 .debug_line    0x00000429      0x20d .\CortexM3\ARM_GCC_541\Debug\cyfitter_cfg.o
 .debug_line    0x00000636      0x141 .\CortexM3\ARM_GCC_541\Debug\cymetadata.o
 .debug_line    0x00000777      0x234 .\CortexM3\ARM_GCC_541\Debug\Cm3Start.o
 .debug_line    0x000009ab      0x3d2 .\CortexM3\ARM_GCC_541\Debug\Tec-Dig-2.a(LCD_I2C_FUNCS.o)
 .debug_line    0x00000d7d      0x2bc .\CortexM3\ARM_GCC_541\Debug\Tec-Dig-2.a(UART.o)
 .debug_line    0x00001039      0x186 .\CortexM3\ARM_GCC_541\Debug\Tec-Dig-2.a(PWM.o)
 .debug_line    0x000011bf       0x92 .\CortexM3\ARM_GCC_541\Debug\Tec-Dig-2.a(Bomba.o)
 .debug_line    0x00001251       0x93 .\CortexM3\ARM_GCC_541\Debug\Tec-Dig-2.a(Cooler.o)
 .debug_line    0x000012e4       0x93 .\CortexM3\ARM_GCC_541\Debug\Tec-Dig-2.a(Buzzer.o)
 .debug_line    0x00001377      0x132 .\CortexM3\ARM_GCC_541\Debug\Tec-Dig-2.a(RXint.o)
 .debug_line    0x000014a9       0xd9 .\CortexM3\ARM_GCC_541\Debug\Tec-Dig-2.a(I2C.o)
 .debug_line    0x00001582      0x114 .\CortexM3\ARM_GCC_541\Debug\Tec-Dig-2.a(I2C_INT.o)
 .debug_line    0x00001696       0xbb .\CortexM3\ARM_GCC_541\Debug\Tec-Dig-2.a(I2C_PM.o)
 .debug_line    0x00001751      0x1fd .\CortexM3\ARM_GCC_541\Debug\Tec-Dig-2.a(I2C_MASTER.o)
 .debug_line    0x0000194e      0x174 .\CortexM3\ARM_GCC_541\Debug\Tec-Dig-2.a(Clock.o)
 .debug_line    0x00001ac2      0x17c .\CortexM3\ARM_GCC_541\Debug\Tec-Dig-2.a(UART_IntClock.o)
 .debug_line    0x00001c3e      0x816 .\CortexM3\ARM_GCC_541\Debug\Tec-Dig-2.a(CyLib.o)
 .debug_line    0x00002454      0x367 .\CortexM3\ARM_GCC_541\Debug\Tec-Dig-2.a(cyPm.o)
 .debug_line    0x000027bb       0xa8 .\CortexM3\ARM_GCC_541\Debug\Tec-Dig-2.a(Opamp.o)
 .debug_line    0x00002863      0x364 .\CortexM3\ARM_GCC_541\Debug\Tec-Dig-2.a(ADC.o)
 .debug_line    0x00002bc7       0x80 .\CortexM3\ARM_GCC_541\Debug\Tec-Dig-2.a(ADC_INT.o)
 .debug_line    0x00002c47       0xac .\CortexM3\ARM_GCC_541\Debug\Tec-Dig-2.a(ADC_AMux.o)
 .debug_line    0x00002cf3      0x17d .\CortexM3\ARM_GCC_541\Debug\Tec-Dig-2.a(ADC_Ext_CP_Clk.o)
 .debug_line    0x00002e70      0x19d .\CortexM3\ARM_GCC_541\Debug\Tec-Dig-2.a(ADC_theACLK.o)
 .debug_line    0x0000300d       0x95 .\CortexM3\ARM_GCC_541\Debug\Tec-Dig-2.a(NivelMax.o)
 .debug_line    0x000030a2       0x95 .\CortexM3\ARM_GCC_541\Debug\Tec-Dig-2.a(NivelMin.o)
 .debug_line    0x00003137       0x66 .\CortexM3\ARM_GCC_541\Debug\Tec-Dig-2.a(CyBootAsmGnu.o)
 .debug_line    0x0000319d      0x16e .\CortexM3\ARM_GCC_541\Debug\Tec-Dig-2.a(LCD_I2C_LL_I2C.o)
 .debug_line    0x0000330b      0x21a .\CortexM3\ARM_GCC_541\Debug\Tec-Dig-2.a(CyFlash.o)
 .debug_line    0x00003525      0x260 .\CortexM3\ARM_GCC_541\Debug\Tec-Dig-2.a(CySpc.o)

.debug_frame    0x00000000     0x261c
 *(.debug_frame)
 .debug_frame   0x00000000       0xe0 .\CortexM3\ARM_GCC_541\Debug\main.o
 .debug_frame   0x000000e0      0x104 .\CortexM3\ARM_GCC_541\Debug\cyfitter_cfg.o
 .debug_frame   0x000001e4       0xb8 .\CortexM3\ARM_GCC_541\Debug\Cm3Start.o
 .debug_frame   0x0000029c      0x348 .\CortexM3\ARM_GCC_541\Debug\Tec-Dig-2.a(LCD_I2C_FUNCS.o)
 .debug_frame   0x000005e4      0x250 .\CortexM3\ARM_GCC_541\Debug\Tec-Dig-2.a(UART.o)
 .debug_frame   0x00000834      0x134 .\CortexM3\ARM_GCC_541\Debug\Tec-Dig-2.a(PWM.o)
 .debug_frame   0x00000968       0x50 .\CortexM3\ARM_GCC_541\Debug\Tec-Dig-2.a(Bomba.o)
 .debug_frame   0x000009b8       0x50 .\CortexM3\ARM_GCC_541\Debug\Tec-Dig-2.a(Cooler.o)
 .debug_frame   0x00000a08       0x50 .\CortexM3\ARM_GCC_541\Debug\Tec-Dig-2.a(Buzzer.o)
 .debug_frame   0x00000a58      0x104 .\CortexM3\ARM_GCC_541\Debug\Tec-Dig-2.a(RXint.o)
 .debug_frame   0x00000b5c       0x94 .\CortexM3\ARM_GCC_541\Debug\Tec-Dig-2.a(I2C.o)
 .debug_frame   0x00000bf0       0x30 .\CortexM3\ARM_GCC_541\Debug\Tec-Dig-2.a(I2C_INT.o)
 .debug_frame   0x00000c20       0x74 .\CortexM3\ARM_GCC_541\Debug\Tec-Dig-2.a(I2C_PM.o)
 .debug_frame   0x00000c94      0x138 .\CortexM3\ARM_GCC_541\Debug\Tec-Dig-2.a(I2C_MASTER.o)
 .debug_frame   0x00000dcc       0xe0 .\CortexM3\ARM_GCC_541\Debug\Tec-Dig-2.a(Clock.o)
 .debug_frame   0x00000eac       0xe0 .\CortexM3\ARM_GCC_541\Debug\Tec-Dig-2.a(UART_IntClock.o)
 .debug_frame   0x00000f8c      0x738 .\CortexM3\ARM_GCC_541\Debug\Tec-Dig-2.a(CyLib.o)
 .debug_frame   0x000016c4      0x1f8 .\CortexM3\ARM_GCC_541\Debug\Tec-Dig-2.a(cyPm.o)
 .debug_frame   0x000018bc       0x78 .\CortexM3\ARM_GCC_541\Debug\Tec-Dig-2.a(Opamp.o)
 .debug_frame   0x00001934      0x290 .\CortexM3\ARM_GCC_541\Debug\Tec-Dig-2.a(ADC.o)
 .debug_frame   0x00001bc4       0x50 .\CortexM3\ARM_GCC_541\Debug\Tec-Dig-2.a(ADC_INT.o)
 .debug_frame   0x00001c14       0x64 .\CortexM3\ARM_GCC_541\Debug\Tec-Dig-2.a(ADC_AMux.o)
 .debug_frame   0x00001c78       0xe0 .\CortexM3\ARM_GCC_541\Debug\Tec-Dig-2.a(ADC_Ext_CP_Clk.o)
 .debug_frame   0x00001d58      0x100 .\CortexM3\ARM_GCC_541\Debug\Tec-Dig-2.a(ADC_theACLK.o)
 .debug_frame   0x00001e58       0x50 .\CortexM3\ARM_GCC_541\Debug\Tec-Dig-2.a(NivelMax.o)
 .debug_frame   0x00001ea8       0x50 .\CortexM3\ARM_GCC_541\Debug\Tec-Dig-2.a(NivelMin.o)
 .debug_frame   0x00001ef8       0x2c .\CortexM3\ARM_GCC_541\Debug\Tec-Dig-2.a(LCD_I2C_LL_I2C.o)
 .debug_frame   0x00001f24      0x194 .\CortexM3\ARM_GCC_541\Debug\Tec-Dig-2.a(CyFlash.o)
 .debug_frame   0x000020b8      0x180 .\CortexM3\ARM_GCC_541\Debug\Tec-Dig-2.a(CySpc.o)
 .debug_frame   0x00002238       0x20 c:/program files (x86)/cypress/psoc creator/4.4/psoc creator/import/gnu/arm/5.4.1/bin/../lib/gcc/arm-none-eabi/5.4.1/../../../../arm-none-eabi/lib/armv7-m\libg_nano.a(lib_a-errno.o)
 .debug_frame   0x00002258       0x28 c:/program files (x86)/cypress/psoc creator/4.4/psoc creator/import/gnu/arm/5.4.1/bin/../lib/gcc/arm-none-eabi/5.4.1/../../../../arm-none-eabi/lib/armv7-m\libg_nano.a(lib_a-exit.o)
 .debug_frame   0x00002280       0x2c c:/program files (x86)/cypress/psoc creator/4.4/psoc creator/import/gnu/arm/5.4.1/bin/../lib/gcc/arm-none-eabi/5.4.1/../../../../arm-none-eabi/lib/armv7-m\libg_nano.a(lib_a-init.o)
 .debug_frame   0x000022ac       0x28 c:/program files (x86)/cypress/psoc creator/4.4/psoc creator/import/gnu/arm/5.4.1/bin/../lib/gcc/arm-none-eabi/5.4.1/../../../../arm-none-eabi/lib/armv7-m\libg_nano.a(lib_a-memcpy-stub.o)
 .debug_frame   0x000022d4       0x20 c:/program files (x86)/cypress/psoc creator/4.4/psoc creator/import/gnu/arm/5.4.1/bin/../lib/gcc/arm-none-eabi/5.4.1/../../../../arm-none-eabi/lib/armv7-m\libg_nano.a(lib_a-memset.o)
 .debug_frame   0x000022f4       0x70 c:/program files (x86)/cypress/psoc creator/4.4/psoc creator/import/gnu/arm/5.4.1/bin/../lib/gcc/arm-none-eabi/5.4.1/../../../../arm-none-eabi/lib/armv7-m\libg_nano.a(lib_a-sprintf.o)
 .debug_frame   0x00002364       0x90 c:/program files (x86)/cypress/psoc creator/4.4/psoc creator/import/gnu/arm/5.4.1/bin/../lib/gcc/arm-none-eabi/5.4.1/../../../../arm-none-eabi/lib/armv7-m\libg_nano.a(lib_a-nano-svfprintf.o)
 .debug_frame   0x000023f4       0x60 c:/program files (x86)/cypress/psoc creator/4.4/psoc creator/import/gnu/arm/5.4.1/bin/../lib/gcc/arm-none-eabi/5.4.1/../../../../arm-none-eabi/lib/armv7-m\libg_nano.a(lib_a-nano-vfprintf_i.o)
 .debug_frame   0x00002454       0x28 c:/program files (x86)/cypress/psoc creator/4.4/psoc creator/import/gnu/arm/5.4.1/bin/../lib/gcc/arm-none-eabi/5.4.1/../../../../arm-none-eabi/lib/armv7-m\libg_nano.a(lib_a-memchr-stub.o)
 .debug_frame   0x0000247c       0x28 c:/program files (x86)/cypress/psoc creator/4.4/psoc creator/import/gnu/arm/5.4.1/bin/../lib/gcc/arm-none-eabi/5.4.1/../../../../arm-none-eabi/lib/armv7-m\libg_nano.a(lib_a-memmove.o)
 .debug_frame   0x000024a4       0x38 c:/program files (x86)/cypress/psoc creator/4.4/psoc creator/import/gnu/arm/5.4.1/bin/../lib/gcc/arm-none-eabi/5.4.1/../../../../arm-none-eabi/lib/armv7-m\libg_nano.a(lib_a-nano-freer.o)
 .debug_frame   0x000024dc       0x2c c:/program files (x86)/cypress/psoc creator/4.4/psoc creator/import/gnu/arm/5.4.1/bin/../lib/gcc/arm-none-eabi/5.4.1/../../../../arm-none-eabi/lib/armv7-m\libg_nano.a(lib_a-nano-mallocr.o)
 .debug_frame   0x00002508       0x3c c:/program files (x86)/cypress/psoc creator/4.4/psoc creator/import/gnu/arm/5.4.1/bin/../lib/gcc/arm-none-eabi/5.4.1/../../../../arm-none-eabi/lib/armv7-m\libg_nano.a(lib_a-nano-reallocr.o)
 .debug_frame   0x00002544       0x2c c:/program files (x86)/cypress/psoc creator/4.4/psoc creator/import/gnu/arm/5.4.1/bin/../lib/gcc/arm-none-eabi/5.4.1/../../../../arm-none-eabi/lib/armv7-m\libg_nano.a(lib_a-sbrkr.o)
 .debug_frame   0x00002570       0x30 c:/program files (x86)/cypress/psoc creator/4.4/psoc creator/import/gnu/arm/5.4.1/bin/../lib/gcc/arm-none-eabi/5.4.1/../../../../arm-none-eabi/lib/armv7-m\libg_nano.a(lib_a-mlock.o)
 .debug_frame   0x000025a0       0x20 c:/program files (x86)/cypress/psoc creator/4.4/psoc creator/import/gnu/arm/5.4.1/bin/../lib/gcc/arm-none-eabi/5.4.1/../../../../arm-none-eabi/lib/armv7-m\libg_nano.a(lib_a-nano-msizer.o)
 .debug_frame   0x000025c0       0x5c c:/program files (x86)/cypress/psoc creator/4.4/psoc creator/import/gnu/arm/5.4.1/bin/../lib/gcc/arm-none-eabi/5.4.1/../../../../arm-none-eabi/lib/armv7-m\libg_nano.a(lib_a-reent.o)

.debug_str      0x00000000     0x2908
 *(.debug_str)
 .debug_str     0x00000000      0x329 .\CortexM3\ARM_GCC_541\Debug\main.o
                                0x389 (size before relaxing)
 .debug_str     0x00000329      0x1cd .\CortexM3\ARM_GCC_541\Debug\cyfitter_cfg.o
                                0x342 (size before relaxing)
 .debug_str     0x000004f6       0x7f .\CortexM3\ARM_GCC_541\Debug\cymetadata.o
                                0x1cb (size before relaxing)
 .debug_str     0x00000575      0x144 .\CortexM3\ARM_GCC_541\Debug\Cm3Start.o
                                0x2f1 (size before relaxing)
 .debug_str     0x000006b9      0x29e .\CortexM3\ARM_GCC_541\Debug\Tec-Dig-2.a(LCD_I2C_FUNCS.o)
                                0x4d0 (size before relaxing)
 .debug_str     0x00000957      0x2ae .\CortexM3\ARM_GCC_541\Debug\Tec-Dig-2.a(UART.o)
                                0x45c (size before relaxing)
 .debug_str     0x00000c05      0x155 .\CortexM3\ARM_GCC_541\Debug\Tec-Dig-2.a(PWM.o)
                                0x31f (size before relaxing)
 .debug_str     0x00000d5a       0x5a .\CortexM3\ARM_GCC_541\Debug\Tec-Dig-2.a(Bomba.o)
                                0x1c9 (size before relaxing)
 .debug_str     0x00000db4       0x53 .\CortexM3\ARM_GCC_541\Debug\Tec-Dig-2.a(Cooler.o)
                                0x1ce (size before relaxing)
 .debug_str     0x00000e07       0x53 .\CortexM3\ARM_GCC_541\Debug\Tec-Dig-2.a(Buzzer.o)
                                0x1ce (size before relaxing)
 .debug_str     0x00000e5a       0xf0 .\CortexM3\ARM_GCC_541\Debug\Tec-Dig-2.a(RXint.o)
                                0x28d (size before relaxing)
 .debug_str     0x00000f4a       0xfd .\CortexM3\ARM_GCC_541\Debug\Tec-Dig-2.a(I2C.o)
                                0x2c8 (size before relaxing)
 .debug_str     0x00001047       0x86 .\CortexM3\ARM_GCC_541\Debug\Tec-Dig-2.a(I2C_INT.o)
                                0x246 (size before relaxing)
 .debug_str     0x000010cd       0x56 .\CortexM3\ARM_GCC_541\Debug\Tec-Dig-2.a(I2C_PM.o)
                                0x264 (size before relaxing)
 .debug_str     0x00001123      0x170 .\CortexM3\ARM_GCC_541\Debug\Tec-Dig-2.a(I2C_MASTER.o)
                                0x38b (size before relaxing)
 .debug_str     0x00001293       0x6a .\CortexM3\ARM_GCC_541\Debug\Tec-Dig-2.a(Clock.o)
                                0x2bd (size before relaxing)
 .debug_str     0x000012fd      0x138 .\CortexM3\ARM_GCC_541\Debug\Tec-Dig-2.a(UART_IntClock.o)
                                0x31d (size before relaxing)
 .debug_str     0x00001435      0x7b1 .\CortexM3\ARM_GCC_541\Debug\Tec-Dig-2.a(CyLib.o)
                                0xa2e (size before relaxing)
 .debug_str     0x00001be6      0x365 .\CortexM3\ARM_GCC_541\Debug\Tec-Dig-2.a(cyPm.o)
                                0x71a (size before relaxing)
 .debug_str     0x00001f4b       0x65 .\CortexM3\ARM_GCC_541\Debug\Tec-Dig-2.a(Opamp.o)
                                0x1de (size before relaxing)
 .debug_str     0x00001fb0      0x2f4 .\CortexM3\ARM_GCC_541\Debug\Tec-Dig-2.a(ADC.o)
                                0x5b0 (size before relaxing)
 .debug_str     0x000022a4       0x45 .\CortexM3\ARM_GCC_541\Debug\Tec-Dig-2.a(ADC_INT.o)
                                0x1a7 (size before relaxing)
 .debug_str     0x000022e9       0x5f .\CortexM3\ARM_GCC_541\Debug\Tec-Dig-2.a(ADC_AMux.o)
                                0x1e6 (size before relaxing)
 .debug_str     0x00002348      0x12a .\CortexM3\ARM_GCC_541\Debug\Tec-Dig-2.a(ADC_Ext_CP_Clk.o)
                                0x329 (size before relaxing)
 .debug_str     0x00002472      0x14f .\CortexM3\ARM_GCC_541\Debug\Tec-Dig-2.a(ADC_theACLK.o)
                                0x348 (size before relaxing)
 .debug_str     0x000025c1       0x5c .\CortexM3\ARM_GCC_541\Debug\Tec-Dig-2.a(NivelMax.o)
                                0x1d8 (size before relaxing)
 .debug_str     0x0000261d       0x5c .\CortexM3\ARM_GCC_541\Debug\Tec-Dig-2.a(NivelMin.o)
                                0x1d8 (size before relaxing)
 .debug_str     0x00002679       0x28 .\CortexM3\ARM_GCC_541\Debug\Tec-Dig-2.a(LCD_I2C_LL_I2C.o)
                                0x212 (size before relaxing)
 .debug_str     0x000026a1      0x1bb .\CortexM3\ARM_GCC_541\Debug\Tec-Dig-2.a(CyFlash.o)
                                0x3a7 (size before relaxing)
 .debug_str     0x0000285c       0xac .\CortexM3\ARM_GCC_541\Debug\Tec-Dig-2.a(CySpc.o)
                                0x31f (size before relaxing)

.debug_loc      0x00000000     0x32bd
 *(.debug_loc)
 .debug_loc     0x00000000       0x3e .\CortexM3\ARM_GCC_541\Debug\main.o
 .debug_loc     0x0000003e      0x219 .\CortexM3\ARM_GCC_541\Debug\cyfitter_cfg.o
 .debug_loc     0x00000257      0x144 .\CortexM3\ARM_GCC_541\Debug\Cm3Start.o
 .debug_loc     0x0000039b      0x25b .\CortexM3\ARM_GCC_541\Debug\Tec-Dig-2.a(LCD_I2C_FUNCS.o)
 .debug_loc     0x000005f6      0x258 .\CortexM3\ARM_GCC_541\Debug\Tec-Dig-2.a(UART.o)
 .debug_loc     0x0000084e       0x26 .\CortexM3\ARM_GCC_541\Debug\Tec-Dig-2.a(PWM.o)
 .debug_loc     0x00000874       0x42 .\CortexM3\ARM_GCC_541\Debug\Tec-Dig-2.a(Bomba.o)
 .debug_loc     0x000008b6       0x42 .\CortexM3\ARM_GCC_541\Debug\Tec-Dig-2.a(Cooler.o)
 .debug_loc     0x000008f8       0x42 .\CortexM3\ARM_GCC_541\Debug\Tec-Dig-2.a(Buzzer.o)
 .debug_loc     0x0000093a       0x56 .\CortexM3\ARM_GCC_541\Debug\Tec-Dig-2.a(RXint.o)
 .debug_loc     0x00000990       0x39 .\CortexM3\ARM_GCC_541\Debug\Tec-Dig-2.a(I2C.o)
 .debug_loc     0x000009c9       0x29 .\CortexM3\ARM_GCC_541\Debug\Tec-Dig-2.a(I2C_INT.o)
 .debug_loc     0x000009f2       0x13 .\CortexM3\ARM_GCC_541\Debug\Tec-Dig-2.a(I2C_PM.o)
 .debug_loc     0x00000a05      0x52f .\CortexM3\ARM_GCC_541\Debug\Tec-Dig-2.a(I2C_MASTER.o)
 .debug_loc     0x00000f34      0x128 .\CortexM3\ARM_GCC_541\Debug\Tec-Dig-2.a(Clock.o)
 .debug_loc     0x0000105c      0x128 .\CortexM3\ARM_GCC_541\Debug\Tec-Dig-2.a(UART_IntClock.o)
 .debug_loc     0x00001184      0xa11 .\CortexM3\ARM_GCC_541\Debug\Tec-Dig-2.a(CyLib.o)
 .debug_loc     0x00001b95      0x1e4 .\CortexM3\ARM_GCC_541\Debug\Tec-Dig-2.a(cyPm.o)
 .debug_loc     0x00001d79       0x21 .\CortexM3\ARM_GCC_541\Debug\Tec-Dig-2.a(Opamp.o)
 .debug_loc     0x00001d9a      0x6c1 .\CortexM3\ARM_GCC_541\Debug\Tec-Dig-2.a(ADC.o)
 .debug_loc     0x0000245b       0x6c .\CortexM3\ARM_GCC_541\Debug\Tec-Dig-2.a(ADC_AMux.o)
 .debug_loc     0x000024c7      0x12c .\CortexM3\ARM_GCC_541\Debug\Tec-Dig-2.a(ADC_Ext_CP_Clk.o)
 .debug_loc     0x000025f3      0x14d .\CortexM3\ARM_GCC_541\Debug\Tec-Dig-2.a(ADC_theACLK.o)
 .debug_loc     0x00002740       0x42 .\CortexM3\ARM_GCC_541\Debug\Tec-Dig-2.a(NivelMax.o)
 .debug_loc     0x00002782       0x42 .\CortexM3\ARM_GCC_541\Debug\Tec-Dig-2.a(NivelMin.o)
 .debug_loc     0x000027c4       0x42 .\CortexM3\ARM_GCC_541\Debug\Tec-Dig-2.a(LCD_I2C_LL_I2C.o)
 .debug_loc     0x00002806      0x3b2 .\CortexM3\ARM_GCC_541\Debug\Tec-Dig-2.a(CyFlash.o)
 .debug_loc     0x00002bb8      0x705 .\CortexM3\ARM_GCC_541\Debug\Tec-Dig-2.a(CySpc.o)

.debug_macinfo
 *(.debug_macinfo)

.debug_ranges   0x00000000      0xc20
 *(.debug_ranges)
 .debug_ranges  0x00000000       0x40 .\CortexM3\ARM_GCC_541\Debug\main.o
 .debug_ranges  0x00000040       0x58 .\CortexM3\ARM_GCC_541\Debug\cyfitter_cfg.o
 .debug_ranges  0x00000098       0x38 .\CortexM3\ARM_GCC_541\Debug\Cm3Start.o
 .debug_ranges  0x000000d0       0xf0 .\CortexM3\ARM_GCC_541\Debug\Tec-Dig-2.a(LCD_I2C_FUNCS.o)
 .debug_ranges  0x000001c0       0xe0 .\CortexM3\ARM_GCC_541\Debug\Tec-Dig-2.a(UART.o)
 .debug_ranges  0x000002a0       0x88 .\CortexM3\ARM_GCC_541\Debug\Tec-Dig-2.a(PWM.o)
 .debug_ranges  0x00000328       0x28 .\CortexM3\ARM_GCC_541\Debug\Tec-Dig-2.a(Bomba.o)
 .debug_ranges  0x00000350       0x28 .\CortexM3\ARM_GCC_541\Debug\Tec-Dig-2.a(Cooler.o)
 .debug_ranges  0x00000378       0x28 .\CortexM3\ARM_GCC_541\Debug\Tec-Dig-2.a(Buzzer.o)
 .debug_ranges  0x000003a0       0x70 .\CortexM3\ARM_GCC_541\Debug\Tec-Dig-2.a(RXint.o)
 .debug_ranges  0x00000410       0x28 .\CortexM3\ARM_GCC_541\Debug\Tec-Dig-2.a(I2C.o)
 .debug_ranges  0x00000438       0x10 .\CortexM3\ARM_GCC_541\Debug\Tec-Dig-2.a(I2C_INT.o)
 .debug_ranges  0x00000448       0x28 .\CortexM3\ARM_GCC_541\Debug\Tec-Dig-2.a(I2C_PM.o)
 .debug_ranges  0x00000470       0x70 .\CortexM3\ARM_GCC_541\Debug\Tec-Dig-2.a(I2C_MASTER.o)
 .debug_ranges  0x000004e0       0x60 .\CortexM3\ARM_GCC_541\Debug\Tec-Dig-2.a(Clock.o)
 .debug_ranges  0x00000540       0x60 .\CortexM3\ARM_GCC_541\Debug\Tec-Dig-2.a(UART_IntClock.o)
 .debug_ranges  0x000005a0      0x290 .\CortexM3\ARM_GCC_541\Debug\Tec-Dig-2.a(CyLib.o)
 .debug_ranges  0x00000830       0x88 .\CortexM3\ARM_GCC_541\Debug\Tec-Dig-2.a(cyPm.o)
 .debug_ranges  0x000008b8       0x30 .\CortexM3\ARM_GCC_541\Debug\Tec-Dig-2.a(Opamp.o)
 .debug_ranges  0x000008e8       0xd8 .\CortexM3\ARM_GCC_541\Debug\Tec-Dig-2.a(ADC.o)
 .debug_ranges  0x000009c0       0x28 .\CortexM3\ARM_GCC_541\Debug\Tec-Dig-2.a(ADC_INT.o)
 .debug_ranges  0x000009e8       0x20 .\CortexM3\ARM_GCC_541\Debug\Tec-Dig-2.a(ADC_AMux.o)
 .debug_ranges  0x00000a08       0x60 .\CortexM3\ARM_GCC_541\Debug\Tec-Dig-2.a(ADC_Ext_CP_Clk.o)
 .debug_ranges  0x00000a68       0x70 .\CortexM3\ARM_GCC_541\Debug\Tec-Dig-2.a(ADC_theACLK.o)
 .debug_ranges  0x00000ad8       0x28 .\CortexM3\ARM_GCC_541\Debug\Tec-Dig-2.a(NivelMax.o)
 .debug_ranges  0x00000b00       0x28 .\CortexM3\ARM_GCC_541\Debug\Tec-Dig-2.a(NivelMin.o)
 .debug_ranges  0x00000b28       0x10 .\CortexM3\ARM_GCC_541\Debug\Tec-Dig-2.a(LCD_I2C_LL_I2C.o)
 .debug_ranges  0x00000b38       0x78 .\CortexM3\ARM_GCC_541\Debug\Tec-Dig-2.a(CyFlash.o)
 .debug_ranges  0x00000bb0       0x70 .\CortexM3\ARM_GCC_541\Debug\Tec-Dig-2.a(CySpc.o)

.comment        0x00000000       0x6e
 .comment       0x00000000       0x6e .\CortexM3\ARM_GCC_541\Debug\main.o
                                 0x6f (size before relaxing)
 .comment       0x0000006e       0x6f .\CortexM3\ARM_GCC_541\Debug\cyfitter_cfg.o
 .comment       0x0000006e       0x6f .\CortexM3\ARM_GCC_541\Debug\cymetadata.o
 .comment       0x0000006e       0x6f .\CortexM3\ARM_GCC_541\Debug\Cm3Start.o
 .comment       0x0000006e       0x6f .\CortexM3\ARM_GCC_541\Debug\Tec-Dig-2.a(LCD_I2C_FUNCS.o)
 .comment       0x0000006e       0x6f .\CortexM3\ARM_GCC_541\Debug\Tec-Dig-2.a(UART.o)
 .comment       0x0000006e       0x6f .\CortexM3\ARM_GCC_541\Debug\Tec-Dig-2.a(PWM.o)
 .comment       0x0000006e       0x6f .\CortexM3\ARM_GCC_541\Debug\Tec-Dig-2.a(Bomba.o)
 .comment       0x0000006e       0x6f .\CortexM3\ARM_GCC_541\Debug\Tec-Dig-2.a(Cooler.o)
 .comment       0x0000006e       0x6f .\CortexM3\ARM_GCC_541\Debug\Tec-Dig-2.a(Buzzer.o)
 .comment       0x0000006e       0x6f .\CortexM3\ARM_GCC_541\Debug\Tec-Dig-2.a(RXint.o)
 .comment       0x0000006e       0x6f .\CortexM3\ARM_GCC_541\Debug\Tec-Dig-2.a(I2C.o)
 .comment       0x0000006e       0x6f .\CortexM3\ARM_GCC_541\Debug\Tec-Dig-2.a(I2C_INT.o)
 .comment       0x0000006e       0x6f .\CortexM3\ARM_GCC_541\Debug\Tec-Dig-2.a(I2C_PM.o)
 .comment       0x0000006e       0x6f .\CortexM3\ARM_GCC_541\Debug\Tec-Dig-2.a(I2C_MASTER.o)
 .comment       0x0000006e       0x6f .\CortexM3\ARM_GCC_541\Debug\Tec-Dig-2.a(Clock.o)
 .comment       0x0000006e       0x6f .\CortexM3\ARM_GCC_541\Debug\Tec-Dig-2.a(UART_IntClock.o)
 .comment       0x0000006e       0x6f .\CortexM3\ARM_GCC_541\Debug\Tec-Dig-2.a(CyLib.o)
 .comment       0x0000006e       0x6f .\CortexM3\ARM_GCC_541\Debug\Tec-Dig-2.a(cyPm.o)
 .comment       0x0000006e       0x6f .\CortexM3\ARM_GCC_541\Debug\Tec-Dig-2.a(Opamp.o)
 .comment       0x0000006e       0x6f .\CortexM3\ARM_GCC_541\Debug\Tec-Dig-2.a(ADC.o)
 .comment       0x0000006e       0x6f .\CortexM3\ARM_GCC_541\Debug\Tec-Dig-2.a(ADC_INT.o)
 .comment       0x0000006e       0x6f .\CortexM3\ARM_GCC_541\Debug\Tec-Dig-2.a(ADC_AMux.o)
 .comment       0x0000006e       0x6f .\CortexM3\ARM_GCC_541\Debug\Tec-Dig-2.a(ADC_Ext_CP_Clk.o)
 .comment       0x0000006e       0x6f .\CortexM3\ARM_GCC_541\Debug\Tec-Dig-2.a(ADC_theACLK.o)
 .comment       0x0000006e       0x6f .\CortexM3\ARM_GCC_541\Debug\Tec-Dig-2.a(NivelMax.o)
 .comment       0x0000006e       0x6f .\CortexM3\ARM_GCC_541\Debug\Tec-Dig-2.a(NivelMin.o)
 .comment       0x0000006e       0x6f .\CortexM3\ARM_GCC_541\Debug\Tec-Dig-2.a(LCD_I2C_LL_I2C.o)
 .comment       0x0000006e       0x6f .\CortexM3\ARM_GCC_541\Debug\Tec-Dig-2.a(CyFlash.o)
 .comment       0x0000006e       0x6f .\CortexM3\ARM_GCC_541\Debug\Tec-Dig-2.a(CySpc.o)

.debug_weaknames
 *(.debug_weaknames)

.debug_funcnames
 *(.debug_funcnames)

.debug_typenames
 *(.debug_typenames)

.debug_varnames
 *(.debug_varnames)

.note.gnu.arm.ident
 *(.note.gnu.arm.ident)

.ARM.attributes
                0x00000000       0x29
 *(.ARM.attributes)
 .ARM.attributes
                0x00000000       0x1d c:/program files (x86)/cypress/psoc creator/4.4/psoc creator/import/gnu/arm/5.4.1/bin/../lib/gcc/arm-none-eabi/5.4.1/armv7-m/crti.o
 .ARM.attributes
                0x0000001d       0x2d c:/program files (x86)/cypress/psoc creator/4.4/psoc creator/import/gnu/arm/5.4.1/bin/../lib/gcc/arm-none-eabi/5.4.1/armv7-m/crtbegin.o
 .ARM.attributes
                0x0000004a       0x1b c:/program files (x86)/cypress/psoc creator/4.4/psoc creator/import/gnu/arm/5.4.1/bin/../lib/gcc/arm-none-eabi/5.4.1/../../../../arm-none-eabi/lib/armv7-m/crt0.o
 .ARM.attributes
                0x00000065       0x33 .\CortexM3\ARM_GCC_541\Debug\main.o
 .ARM.attributes
                0x00000098       0x33 .\CortexM3\ARM_GCC_541\Debug\cyfitter_cfg.o
 .ARM.attributes
                0x000000cb       0x33 .\CortexM3\ARM_GCC_541\Debug\cymetadata.o
 .ARM.attributes
                0x000000fe       0x33 .\CortexM3\ARM_GCC_541\Debug\Cm3Start.o
 .ARM.attributes
                0x00000131       0x33 .\CortexM3\ARM_GCC_541\Debug\Tec-Dig-2.a(LCD_I2C_FUNCS.o)
 .ARM.attributes
                0x00000164       0x33 .\CortexM3\ARM_GCC_541\Debug\Tec-Dig-2.a(UART.o)
 .ARM.attributes
                0x00000197       0x33 .\CortexM3\ARM_GCC_541\Debug\Tec-Dig-2.a(PWM.o)
 .ARM.attributes
                0x000001ca       0x33 .\CortexM3\ARM_GCC_541\Debug\Tec-Dig-2.a(Bomba.o)
 .ARM.attributes
                0x000001fd       0x33 .\CortexM3\ARM_GCC_541\Debug\Tec-Dig-2.a(Cooler.o)
 .ARM.attributes
                0x00000230       0x33 .\CortexM3\ARM_GCC_541\Debug\Tec-Dig-2.a(Buzzer.o)
 .ARM.attributes
                0x00000263       0x33 .\CortexM3\ARM_GCC_541\Debug\Tec-Dig-2.a(RXint.o)
 .ARM.attributes
                0x00000296       0x33 .\CortexM3\ARM_GCC_541\Debug\Tec-Dig-2.a(I2C.o)
 .ARM.attributes
                0x000002c9       0x33 .\CortexM3\ARM_GCC_541\Debug\Tec-Dig-2.a(I2C_INT.o)
 .ARM.attributes
                0x000002fc       0x33 .\CortexM3\ARM_GCC_541\Debug\Tec-Dig-2.a(I2C_PM.o)
 .ARM.attributes
                0x0000032f       0x33 .\CortexM3\ARM_GCC_541\Debug\Tec-Dig-2.a(I2C_MASTER.o)
 .ARM.attributes
                0x00000362       0x33 .\CortexM3\ARM_GCC_541\Debug\Tec-Dig-2.a(Clock.o)
 .ARM.attributes
                0x00000395       0x33 .\CortexM3\ARM_GCC_541\Debug\Tec-Dig-2.a(UART_IntClock.o)
 .ARM.attributes
                0x000003c8       0x33 .\CortexM3\ARM_GCC_541\Debug\Tec-Dig-2.a(CyLib.o)
 .ARM.attributes
                0x000003fb       0x33 .\CortexM3\ARM_GCC_541\Debug\Tec-Dig-2.a(cyPm.o)
 .ARM.attributes
                0x0000042e       0x33 .\CortexM3\ARM_GCC_541\Debug\Tec-Dig-2.a(Opamp.o)
 .ARM.attributes
                0x00000461       0x33 .\CortexM3\ARM_GCC_541\Debug\Tec-Dig-2.a(ADC.o)
 .ARM.attributes
                0x00000494       0x33 .\CortexM3\ARM_GCC_541\Debug\Tec-Dig-2.a(ADC_INT.o)
 .ARM.attributes
                0x000004c7       0x33 .\CortexM3\ARM_GCC_541\Debug\Tec-Dig-2.a(ADC_AMux.o)
 .ARM.attributes
                0x000004fa       0x33 .\CortexM3\ARM_GCC_541\Debug\Tec-Dig-2.a(ADC_Ext_CP_Clk.o)
 .ARM.attributes
                0x0000052d       0x33 .\CortexM3\ARM_GCC_541\Debug\Tec-Dig-2.a(ADC_theACLK.o)
 .ARM.attributes
                0x00000560       0x33 .\CortexM3\ARM_GCC_541\Debug\Tec-Dig-2.a(NivelMax.o)
 .ARM.attributes
                0x00000593       0x33 .\CortexM3\ARM_GCC_541\Debug\Tec-Dig-2.a(NivelMin.o)
 .ARM.attributes
                0x000005c6       0x21 .\CortexM3\ARM_GCC_541\Debug\Tec-Dig-2.a(CyBootAsmGnu.o)
 .ARM.attributes
                0x000005e7       0x33 .\CortexM3\ARM_GCC_541\Debug\Tec-Dig-2.a(LCD_I2C_LL_I2C.o)
 .ARM.attributes
                0x0000061a       0x33 .\CortexM3\ARM_GCC_541\Debug\Tec-Dig-2.a(CyFlash.o)
 .ARM.attributes
                0x0000064d       0x33 .\CortexM3\ARM_GCC_541\Debug\Tec-Dig-2.a(CySpc.o)
 .ARM.attributes
                0x00000680       0x1d c:/program files (x86)/cypress/psoc creator/4.4/psoc creator/import/gnu/arm/5.4.1/bin/../lib/gcc/arm-none-eabi/5.4.1/armv7-m\libgcc.a(_arm_addsubdf3.o)
 .ARM.attributes
                0x0000069d       0x1d c:/program files (x86)/cypress/psoc creator/4.4/psoc creator/import/gnu/arm/5.4.1/bin/../lib/gcc/arm-none-eabi/5.4.1/armv7-m\libgcc.a(_arm_cmpdf2.o)
 .ARM.attributes
                0x000006ba       0x1d c:/program files (x86)/cypress/psoc creator/4.4/psoc creator/import/gnu/arm/5.4.1/bin/../lib/gcc/arm-none-eabi/5.4.1/armv7-m\libgcc.a(_arm_addsubsf3.o)
 .ARM.attributes
                0x000006d7       0x1d c:/program files (x86)/cypress/psoc creator/4.4/psoc creator/import/gnu/arm/5.4.1/bin/../lib/gcc/arm-none-eabi/5.4.1/armv7-m\libgcc.a(_arm_muldivsf3.o)
 .ARM.attributes
                0x000006f4       0x1d c:/program files (x86)/cypress/psoc creator/4.4/psoc creator/import/gnu/arm/5.4.1/bin/../lib/gcc/arm-none-eabi/5.4.1/armv7-m\libgcc.a(_arm_fixunssfsi.o)
 .ARM.attributes
                0x00000711       0x2d c:/program files (x86)/cypress/psoc creator/4.4/psoc creator/import/gnu/arm/5.4.1/bin/../lib/gcc/arm-none-eabi/5.4.1/../../../../arm-none-eabi/lib/armv7-m\libg_nano.a(lib_a-errno.o)
 .ARM.attributes
                0x0000073e       0x2d c:/program files (x86)/cypress/psoc creator/4.4/psoc creator/import/gnu/arm/5.4.1/bin/../lib/gcc/arm-none-eabi/5.4.1/../../../../arm-none-eabi/lib/armv7-m\libg_nano.a(lib_a-exit.o)
 .ARM.attributes
                0x0000076b       0x2d c:/program files (x86)/cypress/psoc creator/4.4/psoc creator/import/gnu/arm/5.4.1/bin/../lib/gcc/arm-none-eabi/5.4.1/../../../../arm-none-eabi/lib/armv7-m\libg_nano.a(lib_a-impure.o)
 .ARM.attributes
                0x00000798       0x2d c:/program files (x86)/cypress/psoc creator/4.4/psoc creator/import/gnu/arm/5.4.1/bin/../lib/gcc/arm-none-eabi/5.4.1/../../../../arm-none-eabi/lib/armv7-m\libg_nano.a(lib_a-init.o)
 .ARM.attributes
                0x000007c5       0x2d c:/program files (x86)/cypress/psoc creator/4.4/psoc creator/import/gnu/arm/5.4.1/bin/../lib/gcc/arm-none-eabi/5.4.1/../../../../arm-none-eabi/lib/armv7-m\libg_nano.a(lib_a-memcpy-stub.o)
 .ARM.attributes
                0x000007f2       0x2d c:/program files (x86)/cypress/psoc creator/4.4/psoc creator/import/gnu/arm/5.4.1/bin/../lib/gcc/arm-none-eabi/5.4.1/../../../../arm-none-eabi/lib/armv7-m\libg_nano.a(lib_a-memset.o)
 .ARM.attributes
                0x0000081f       0x2d c:/program files (x86)/cypress/psoc creator/4.4/psoc creator/import/gnu/arm/5.4.1/bin/../lib/gcc/arm-none-eabi/5.4.1/../../../../arm-none-eabi/lib/armv7-m\libg_nano.a(lib_a-sprintf.o)
 .ARM.attributes
                0x0000084c       0x2d c:/program files (x86)/cypress/psoc creator/4.4/psoc creator/import/gnu/arm/5.4.1/bin/../lib/gcc/arm-none-eabi/5.4.1/../../../../arm-none-eabi/lib/armv7-m\libg_nano.a(lib_a-nano-svfprintf.o)
 .ARM.attributes
                0x00000879       0x2d c:/program files (x86)/cypress/psoc creator/4.4/psoc creator/import/gnu/arm/5.4.1/bin/../lib/gcc/arm-none-eabi/5.4.1/../../../../arm-none-eabi/lib/armv7-m\libg_nano.a(lib_a-nano-vfprintf_i.o)
 .ARM.attributes
                0x000008a6       0x2d c:/program files (x86)/cypress/psoc creator/4.4/psoc creator/import/gnu/arm/5.4.1/bin/../lib/gcc/arm-none-eabi/5.4.1/../../../../arm-none-eabi/lib/armv7-m\libg_nano.a(lib_a-memchr-stub.o)
 .ARM.attributes
                0x000008d3       0x2d c:/program files (x86)/cypress/psoc creator/4.4/psoc creator/import/gnu/arm/5.4.1/bin/../lib/gcc/arm-none-eabi/5.4.1/../../../../arm-none-eabi/lib/armv7-m\libg_nano.a(lib_a-memmove.o)
 .ARM.attributes
                0x00000900       0x2d c:/program files (x86)/cypress/psoc creator/4.4/psoc creator/import/gnu/arm/5.4.1/bin/../lib/gcc/arm-none-eabi/5.4.1/../../../../arm-none-eabi/lib/armv7-m\libg_nano.a(lib_a-nano-freer.o)
 .ARM.attributes
                0x0000092d       0x2d c:/program files (x86)/cypress/psoc creator/4.4/psoc creator/import/gnu/arm/5.4.1/bin/../lib/gcc/arm-none-eabi/5.4.1/../../../../arm-none-eabi/lib/armv7-m\libg_nano.a(lib_a-nano-mallocr.o)
 .ARM.attributes
                0x0000095a       0x2d c:/program files (x86)/cypress/psoc creator/4.4/psoc creator/import/gnu/arm/5.4.1/bin/../lib/gcc/arm-none-eabi/5.4.1/../../../../arm-none-eabi/lib/armv7-m\libg_nano.a(lib_a-nano-reallocr.o)
 .ARM.attributes
                0x00000987       0x2d c:/program files (x86)/cypress/psoc creator/4.4/psoc creator/import/gnu/arm/5.4.1/bin/../lib/gcc/arm-none-eabi/5.4.1/../../../../arm-none-eabi/lib/armv7-m\libg_nano.a(lib_a-sbrkr.o)
 .ARM.attributes
                0x000009b4       0x2d c:/program files (x86)/cypress/psoc creator/4.4/psoc creator/import/gnu/arm/5.4.1/bin/../lib/gcc/arm-none-eabi/5.4.1/../../../../arm-none-eabi/lib/armv7-m\libg_nano.a(lib_a-mlock.o)
 .ARM.attributes
                0x000009e1       0x2d c:/program files (x86)/cypress/psoc creator/4.4/psoc creator/import/gnu/arm/5.4.1/bin/../lib/gcc/arm-none-eabi/5.4.1/../../../../arm-none-eabi/lib/armv7-m\libg_nano.a(lib_a-nano-msizer.o)
 .ARM.attributes
                0x00000a0e       0x2d c:/program files (x86)/cypress/psoc creator/4.4/psoc creator/import/gnu/arm/5.4.1/bin/../lib/gcc/arm-none-eabi/5.4.1/../../../../arm-none-eabi/lib/armv7-m\libg_nano.a(lib_a-reent.o)
 .ARM.attributes
                0x00000a3b       0x2d c:/program files (x86)/cypress/psoc creator/4.4/psoc creator/import/gnu/arm/5.4.1/bin/../lib/gcc/arm-none-eabi/5.4.1/armv7-m/crtend.o
 .ARM.attributes
                0x00000a68       0x1d c:/program files (x86)/cypress/psoc creator/4.4/psoc creator/import/gnu/arm/5.4.1/bin/../lib/gcc/arm-none-eabi/5.4.1/armv7-m/crtn.o

/DISCARD/
 *(.note.GNU-stack)
OUTPUT(C:\Users\Windows\Desktop\Tec-Dig-2.cydsn\CortexM3\ARM_GCC_541\Debug\Tec-Dig-2.elf elf32-littlearm)
